CRITICAL - 2025-07-31 22:34:49 --> Error: Call to private method App\Controllers\BaseController::randNum() from scope App\Controllers\Model
[Method: POST, Route: model/uploadfile]
in APPPATH/Controllers/Model.php on line 92.
 1 SYSTEMPATH/CodeIgniter.php(933): App\Controllers\Model->uploadFile()
 2 SYSTEMPATH/CodeIgniter.php(507): CodeIgniter\CodeIgniter->runController(Object(App\Controllers\Model))
 3 SYSTEMPATH/CodeIgniter.php(354): CodeIgniter\CodeIgniter->handleRequest(null, Object(Config\Cache), false)
 4 SYSTEMPATH/Boot.php(363): CodeIgniter\CodeIgniter->run()
 5 SYSTEMPATH/Boot.php(68): CodeIgniter\Boot::runCodeIgniter(Object(CodeIgniter\CodeIgniter))
 6 FCPATH/index.php(59): CodeIgniter\Boot::bootWeb(Object(Config\Paths))
ERROR - 2025-07-31 23:03:33 --> mysqli_sql_exception: Cannot add or update a child row: a foreign key constraint fails (`laycms`.`usr_lesson`, CONSTRAINT `student_id` FOREIGN KEY (`student_id`) REFERENCES `usr_student` (`id`)) in /opt/homebrew/var/www/laycms/system/Database/MySQLi/Connection.php:327
Stack trace:
#0 /opt/homebrew/var/www/laycms/system/Database/MySQLi/Connection.php(327): mysqli->query('UPDATE `usr_les...', 0)
#1 /opt/homebrew/var/www/laycms/system/Database/BaseConnection.php(729): CodeIgniter\Database\MySQLi\Connection->execute('UPDATE `usr_les...')
#2 /opt/homebrew/var/www/laycms/system/Database/BaseConnection.php(646): CodeIgniter\Database\BaseConnection->simpleQuery('UPDATE `usr_les...')
#3 /opt/homebrew/var/www/laycms/system/Database/BaseBuilder.php(2521): CodeIgniter\Database\BaseConnection->query('UPDATE `usr_les...', Array, false)
#4 /opt/homebrew/var/www/laycms/app/Controllers/Model.php(63): CodeIgniter\Database\BaseBuilder->update(Array)
#5 /opt/homebrew/var/www/laycms/system/CodeIgniter.php(933): App\Controllers\Model->rowUpdate('usr_lesson', '1')
#6 /opt/homebrew/var/www/laycms/system/CodeIgniter.php(507): CodeIgniter\CodeIgniter->runController(Object(App\Controllers\Model))
#7 /opt/homebrew/var/www/laycms/system/CodeIgniter.php(354): CodeIgniter\CodeIgniter->handleRequest(NULL, Object(Config\Cache), false)
#8 /opt/homebrew/var/www/laycms/system/Boot.php(363): CodeIgniter\CodeIgniter->run()
#9 /opt/homebrew/var/www/laycms/system/Boot.php(68): CodeIgniter\Boot::runCodeIgniter(Object(CodeIgniter\CodeIgniter))
#10 /opt/homebrew/var/www/laycms/index.php(59): CodeIgniter\Boot::bootWeb(Object(Config\Paths))
#11 {main}
CRITICAL - 2025-07-31 23:03:33 --> CodeIgniter\Database\Exceptions\DatabaseException: Cannot add or update a child row: a foreign key constraint fails (`laycms`.`usr_lesson`, CONSTRAINT `student_id` FOREIGN KEY (`student_id`) REFERENCES `usr_student` (`id`))
[Method: POST, Route: model/rowupdate/usr_lesson/1]
in SYSTEMPATH/Database/BaseConnection.php on line 684.
 1 SYSTEMPATH/Database/BaseBuilder.php(2521): CodeIgniter\Database\BaseConnection->query('UPDATE `usr_lesson` SET `id` = :id.1:, `lesson_name` = :lesson_name:, `student_id` = :student_id:
WHERE `id` = :id:', [...], false)
 2 APPPATH/Controllers/Model.php(63): CodeIgniter\Database\BaseBuilder->update([...])
 3 SYSTEMPATH/CodeIgniter.php(933): App\Controllers\Model->rowUpdate('usr_lesson', '1')
 4 SYSTEMPATH/CodeIgniter.php(507): CodeIgniter\CodeIgniter->runController(Object(App\Controllers\Model))
 5 SYSTEMPATH/CodeIgniter.php(354): CodeIgniter\CodeIgniter->handleRequest(null, Object(Config\Cache), false)
 6 SYSTEMPATH/Boot.php(363): CodeIgniter\CodeIgniter->run()
 7 SYSTEMPATH/Boot.php(68): CodeIgniter\Boot::runCodeIgniter(Object(CodeIgniter\CodeIgniter))
 8 FCPATH/index.php(59): CodeIgniter\Boot::bootWeb(Object(Config\Paths))
CRITICAL - 2025-07-31 23:03:33 --> [Caused by] CodeIgniter\Database\Exceptions\DatabaseException: Cannot add or update a child row: a foreign key constraint fails (`laycms`.`usr_lesson`, CONSTRAINT `student_id` FOREIGN KEY (`student_id`) REFERENCES `usr_student` (`id`))
in SYSTEMPATH/Database/MySQLi/Connection.php on line 332.
 1 SYSTEMPATH/Database/BaseConnection.php(729): CodeIgniter\Database\MySQLi\Connection->execute('UPDATE `usr_lesson` SET `id` = \'1\', `lesson_name` = \'语文1\', `student_id` = \'12222\'
WHERE `id` = \'1\'')
 2 SYSTEMPATH/Database/BaseConnection.php(646): CodeIgniter\Database\BaseConnection->simpleQuery('UPDATE `usr_lesson` SET `id` = \'1\', `lesson_name` = \'语文1\', `student_id` = \'12222\'
WHERE `id` = \'1\'')
 3 SYSTEMPATH/Database/BaseBuilder.php(2521): CodeIgniter\Database\BaseConnection->query('UPDATE `usr_lesson` SET `id` = :id.1:, `lesson_name` = :lesson_name:, `student_id` = :student_id:
WHERE `id` = :id:', [...], false)
 4 APPPATH/Controllers/Model.php(63): CodeIgniter\Database\BaseBuilder->update([...])
 5 SYSTEMPATH/CodeIgniter.php(933): App\Controllers\Model->rowUpdate('usr_lesson', '1')
 6 SYSTEMPATH/CodeIgniter.php(507): CodeIgniter\CodeIgniter->runController(Object(App\Controllers\Model))
 7 SYSTEMPATH/CodeIgniter.php(354): CodeIgniter\CodeIgniter->handleRequest(null, Object(Config\Cache), false)
 8 SYSTEMPATH/Boot.php(363): CodeIgniter\CodeIgniter->run()
 9 SYSTEMPATH/Boot.php(68): CodeIgniter\Boot::runCodeIgniter(Object(CodeIgniter\CodeIgniter))
10 FCPATH/index.php(59): CodeIgniter\Boot::bootWeb(Object(Config\Paths))
CRITICAL - 2025-07-31 23:03:33 --> [Caused by] mysqli_sql_exception: Cannot add or update a child row: a foreign key constraint fails (`laycms`.`usr_lesson`, CONSTRAINT `student_id` FOREIGN KEY (`student_id`) REFERENCES `usr_student` (`id`))
in SYSTEMPATH/Database/MySQLi/Connection.php on line 327.
 1 SYSTEMPATH/Database/MySQLi/Connection.php(327): mysqli->query('UPDATE `usr_lesson` SET `id` = \'1\', `lesson_name` = \'语文1\', `student_id` = \'12222\'
WHERE `id` = \'1\'', 0)
 2 SYSTEMPATH/Database/BaseConnection.php(729): CodeIgniter\Database\MySQLi\Connection->execute('UPDATE `usr_lesson` SET `id` = \'1\', `lesson_name` = \'语文1\', `student_id` = \'12222\'
WHERE `id` = \'1\'')
 3 SYSTEMPATH/Database/BaseConnection.php(646): CodeIgniter\Database\BaseConnection->simpleQuery('UPDATE `usr_lesson` SET `id` = \'1\', `lesson_name` = \'语文1\', `student_id` = \'12222\'
WHERE `id` = \'1\'')
 4 SYSTEMPATH/Database/BaseBuilder.php(2521): CodeIgniter\Database\BaseConnection->query('UPDATE `usr_lesson` SET `id` = :id.1:, `lesson_name` = :lesson_name:, `student_id` = :student_id:
WHERE `id` = :id:', [...], false)
 5 APPPATH/Controllers/Model.php(63): CodeIgniter\Database\BaseBuilder->update([...])
 6 SYSTEMPATH/CodeIgniter.php(933): App\Controllers\Model->rowUpdate('usr_lesson', '1')
 7 SYSTEMPATH/CodeIgniter.php(507): CodeIgniter\CodeIgniter->runController(Object(App\Controllers\Model))
 8 SYSTEMPATH/CodeIgniter.php(354): CodeIgniter\CodeIgniter->handleRequest(null, Object(Config\Cache), false)
 9 SYSTEMPATH/Boot.php(363): CodeIgniter\CodeIgniter->run()
10 SYSTEMPATH/Boot.php(68): CodeIgniter\Boot::runCodeIgniter(Object(CodeIgniter\CodeIgniter))
11 FCPATH/index.php(59): CodeIgniter\Boot::bootWeb(Object(Config\Paths))
ERROR - 2025-07-31 23:03:36 --> mysqli_sql_exception: Cannot add or update a child row: a foreign key constraint fails (`laycms`.`usr_lesson`, CONSTRAINT `student_id` FOREIGN KEY (`student_id`) REFERENCES `usr_student` (`id`)) in /opt/homebrew/var/www/laycms/system/Database/MySQLi/Connection.php:327
Stack trace:
#0 /opt/homebrew/var/www/laycms/system/Database/MySQLi/Connection.php(327): mysqli->query('UPDATE `usr_les...', 0)
#1 /opt/homebrew/var/www/laycms/system/Database/BaseConnection.php(729): CodeIgniter\Database\MySQLi\Connection->execute('UPDATE `usr_les...')
#2 /opt/homebrew/var/www/laycms/system/Database/BaseConnection.php(646): CodeIgniter\Database\BaseConnection->simpleQuery('UPDATE `usr_les...')
#3 /opt/homebrew/var/www/laycms/system/Database/BaseBuilder.php(2521): CodeIgniter\Database\BaseConnection->query('UPDATE `usr_les...', Array, false)
#4 /opt/homebrew/var/www/laycms/app/Controllers/Model.php(63): CodeIgniter\Database\BaseBuilder->update(Array)
#5 /opt/homebrew/var/www/laycms/system/CodeIgniter.php(933): App\Controllers\Model->rowUpdate('usr_lesson', '1')
#6 /opt/homebrew/var/www/laycms/system/CodeIgniter.php(507): CodeIgniter\CodeIgniter->runController(Object(App\Controllers\Model))
#7 /opt/homebrew/var/www/laycms/system/CodeIgniter.php(354): CodeIgniter\CodeIgniter->handleRequest(NULL, Object(Config\Cache), false)
#8 /opt/homebrew/var/www/laycms/system/Boot.php(363): CodeIgniter\CodeIgniter->run()
#9 /opt/homebrew/var/www/laycms/system/Boot.php(68): CodeIgniter\Boot::runCodeIgniter(Object(CodeIgniter\CodeIgniter))
#10 /opt/homebrew/var/www/laycms/index.php(59): CodeIgniter\Boot::bootWeb(Object(Config\Paths))
#11 {main}
CRITICAL - 2025-07-31 23:03:36 --> CodeIgniter\Database\Exceptions\DatabaseException: Cannot add or update a child row: a foreign key constraint fails (`laycms`.`usr_lesson`, CONSTRAINT `student_id` FOREIGN KEY (`student_id`) REFERENCES `usr_student` (`id`))
[Method: POST, Route: model/rowupdate/usr_lesson/1]
in SYSTEMPATH/Database/BaseConnection.php on line 684.
 1 SYSTEMPATH/Database/BaseBuilder.php(2521): CodeIgniter\Database\BaseConnection->query('UPDATE `usr_lesson` SET `id` = :id.1:, `lesson_name` = :lesson_name:, `student_id` = :student_id:
WHERE `id` = :id:', [...], false)
 2 APPPATH/Controllers/Model.php(63): CodeIgniter\Database\BaseBuilder->update([...])
 3 SYSTEMPATH/CodeIgniter.php(933): App\Controllers\Model->rowUpdate('usr_lesson', '1')
 4 SYSTEMPATH/CodeIgniter.php(507): CodeIgniter\CodeIgniter->runController(Object(App\Controllers\Model))
 5 SYSTEMPATH/CodeIgniter.php(354): CodeIgniter\CodeIgniter->handleRequest(null, Object(Config\Cache), false)
 6 SYSTEMPATH/Boot.php(363): CodeIgniter\CodeIgniter->run()
 7 SYSTEMPATH/Boot.php(68): CodeIgniter\Boot::runCodeIgniter(Object(CodeIgniter\CodeIgniter))
 8 FCPATH/index.php(59): CodeIgniter\Boot::bootWeb(Object(Config\Paths))
CRITICAL - 2025-07-31 23:03:36 --> [Caused by] CodeIgniter\Database\Exceptions\DatabaseException: Cannot add or update a child row: a foreign key constraint fails (`laycms`.`usr_lesson`, CONSTRAINT `student_id` FOREIGN KEY (`student_id`) REFERENCES `usr_student` (`id`))
in SYSTEMPATH/Database/MySQLi/Connection.php on line 332.
 1 SYSTEMPATH/Database/BaseConnection.php(729): CodeIgniter\Database\MySQLi\Connection->execute('UPDATE `usr_lesson` SET `id` = \'1\', `lesson_name` = \'语文1\', `student_id` = \'12222\'
WHERE `id` = \'1\'')
 2 SYSTEMPATH/Database/BaseConnection.php(646): CodeIgniter\Database\BaseConnection->simpleQuery('UPDATE `usr_lesson` SET `id` = \'1\', `lesson_name` = \'语文1\', `student_id` = \'12222\'
WHERE `id` = \'1\'')
 3 SYSTEMPATH/Database/BaseBuilder.php(2521): CodeIgniter\Database\BaseConnection->query('UPDATE `usr_lesson` SET `id` = :id.1:, `lesson_name` = :lesson_name:, `student_id` = :student_id:
WHERE `id` = :id:', [...], false)
 4 APPPATH/Controllers/Model.php(63): CodeIgniter\Database\BaseBuilder->update([...])
 5 SYSTEMPATH/CodeIgniter.php(933): App\Controllers\Model->rowUpdate('usr_lesson', '1')
 6 SYSTEMPATH/CodeIgniter.php(507): CodeIgniter\CodeIgniter->runController(Object(App\Controllers\Model))
 7 SYSTEMPATH/CodeIgniter.php(354): CodeIgniter\CodeIgniter->handleRequest(null, Object(Config\Cache), false)
 8 SYSTEMPATH/Boot.php(363): CodeIgniter\CodeIgniter->run()
 9 SYSTEMPATH/Boot.php(68): CodeIgniter\Boot::runCodeIgniter(Object(CodeIgniter\CodeIgniter))
10 FCPATH/index.php(59): CodeIgniter\Boot::bootWeb(Object(Config\Paths))
CRITICAL - 2025-07-31 23:03:36 --> [Caused by] mysqli_sql_exception: Cannot add or update a child row: a foreign key constraint fails (`laycms`.`usr_lesson`, CONSTRAINT `student_id` FOREIGN KEY (`student_id`) REFERENCES `usr_student` (`id`))
in SYSTEMPATH/Database/MySQLi/Connection.php on line 327.
 1 SYSTEMPATH/Database/MySQLi/Connection.php(327): mysqli->query('UPDATE `usr_lesson` SET `id` = \'1\', `lesson_name` = \'语文1\', `student_id` = \'12222\'
WHERE `id` = \'1\'', 0)
 2 SYSTEMPATH/Database/BaseConnection.php(729): CodeIgniter\Database\MySQLi\Connection->execute('UPDATE `usr_lesson` SET `id` = \'1\', `lesson_name` = \'语文1\', `student_id` = \'12222\'
WHERE `id` = \'1\'')
 3 SYSTEMPATH/Database/BaseConnection.php(646): CodeIgniter\Database\BaseConnection->simpleQuery('UPDATE `usr_lesson` SET `id` = \'1\', `lesson_name` = \'语文1\', `student_id` = \'12222\'
WHERE `id` = \'1\'')
 4 SYSTEMPATH/Database/BaseBuilder.php(2521): CodeIgniter\Database\BaseConnection->query('UPDATE `usr_lesson` SET `id` = :id.1:, `lesson_name` = :lesson_name:, `student_id` = :student_id:
WHERE `id` = :id:', [...], false)
 5 APPPATH/Controllers/Model.php(63): CodeIgniter\Database\BaseBuilder->update([...])
 6 SYSTEMPATH/CodeIgniter.php(933): App\Controllers\Model->rowUpdate('usr_lesson', '1')
 7 SYSTEMPATH/CodeIgniter.php(507): CodeIgniter\CodeIgniter->runController(Object(App\Controllers\Model))
 8 SYSTEMPATH/CodeIgniter.php(354): CodeIgniter\CodeIgniter->handleRequest(null, Object(Config\Cache), false)
 9 SYSTEMPATH/Boot.php(363): CodeIgniter\CodeIgniter->run()
10 SYSTEMPATH/Boot.php(68): CodeIgniter\Boot::runCodeIgniter(Object(CodeIgniter\CodeIgniter))
11 FCPATH/index.php(59): CodeIgniter\Boot::bootWeb(Object(Config\Paths))
ERROR - 2025-07-31 23:06:54 --> mysqli_sql_exception: Cannot add or update a child row: a foreign key constraint fails (`laycms`.`usr_lesson`, CONSTRAINT `student_id` FOREIGN KEY (`student_id`) REFERENCES `usr_student` (`id`)) in /opt/homebrew/var/www/laycms/system/Database/MySQLi/Connection.php:327
Stack trace:
#0 /opt/homebrew/var/www/laycms/system/Database/MySQLi/Connection.php(327): mysqli->query('UPDATE `usr_les...', 0)
#1 /opt/homebrew/var/www/laycms/system/Database/BaseConnection.php(729): CodeIgniter\Database\MySQLi\Connection->execute('UPDATE `usr_les...')
#2 /opt/homebrew/var/www/laycms/system/Database/BaseConnection.php(646): CodeIgniter\Database\BaseConnection->simpleQuery('UPDATE `usr_les...')
#3 /opt/homebrew/var/www/laycms/system/Database/BaseBuilder.php(2521): CodeIgniter\Database\BaseConnection->query('UPDATE `usr_les...', Array, false)
#4 /opt/homebrew/var/www/laycms/app/Controllers/Model.php(64): CodeIgniter\Database\BaseBuilder->update(Array)
#5 /opt/homebrew/var/www/laycms/system/CodeIgniter.php(933): App\Controllers\Model->rowUpdate('usr_lesson', '1')
#6 /opt/homebrew/var/www/laycms/system/CodeIgniter.php(507): CodeIgniter\CodeIgniter->runController(Object(App\Controllers\Model))
#7 /opt/homebrew/var/www/laycms/system/CodeIgniter.php(354): CodeIgniter\CodeIgniter->handleRequest(NULL, Object(Config\Cache), false)
#8 /opt/homebrew/var/www/laycms/system/Boot.php(363): CodeIgniter\CodeIgniter->run()
#9 /opt/homebrew/var/www/laycms/system/Boot.php(68): CodeIgniter\Boot::runCodeIgniter(Object(CodeIgniter\CodeIgniter))
#10 /opt/homebrew/var/www/laycms/index.php(59): CodeIgniter\Boot::bootWeb(Object(Config\Paths))
#11 {main}
CRITICAL - 2025-07-31 23:06:54 --> CodeIgniter\Database\Exceptions\DatabaseException: Cannot add or update a child row: a foreign key constraint fails (`laycms`.`usr_lesson`, CONSTRAINT `student_id` FOREIGN KEY (`student_id`) REFERENCES `usr_student` (`id`))
[Method: POST, Route: model/rowupdate/usr_lesson/1]
in SYSTEMPATH/Database/BaseConnection.php on line 684.
 1 SYSTEMPATH/Database/BaseBuilder.php(2521): CodeIgniter\Database\BaseConnection->query('UPDATE `usr_lesson` SET `id` = :id.1:, `lesson_name` = :lesson_name:, `student_id` = :student_id:
WHERE `id` = :id:', [...], false)
 2 APPPATH/Controllers/Model.php(64): CodeIgniter\Database\BaseBuilder->update([...])
 3 SYSTEMPATH/CodeIgniter.php(933): App\Controllers\Model->rowUpdate('usr_lesson', '1')
 4 SYSTEMPATH/CodeIgniter.php(507): CodeIgniter\CodeIgniter->runController(Object(App\Controllers\Model))
 5 SYSTEMPATH/CodeIgniter.php(354): CodeIgniter\CodeIgniter->handleRequest(null, Object(Config\Cache), false)
 6 SYSTEMPATH/Boot.php(363): CodeIgniter\CodeIgniter->run()
 7 SYSTEMPATH/Boot.php(68): CodeIgniter\Boot::runCodeIgniter(Object(CodeIgniter\CodeIgniter))
 8 FCPATH/index.php(59): CodeIgniter\Boot::bootWeb(Object(Config\Paths))
CRITICAL - 2025-07-31 23:06:54 --> [Caused by] CodeIgniter\Database\Exceptions\DatabaseException: Cannot add or update a child row: a foreign key constraint fails (`laycms`.`usr_lesson`, CONSTRAINT `student_id` FOREIGN KEY (`student_id`) REFERENCES `usr_student` (`id`))
in SYSTEMPATH/Database/MySQLi/Connection.php on line 332.
 1 SYSTEMPATH/Database/BaseConnection.php(729): CodeIgniter\Database\MySQLi\Connection->execute('UPDATE `usr_lesson` SET `id` = \'1\', `lesson_name` = \'语文1\', `student_id` = \'12222222\'
WHERE `id` = \'1\'')
 2 SYSTEMPATH/Database/BaseConnection.php(646): CodeIgniter\Database\BaseConnection->simpleQuery('UPDATE `usr_lesson` SET `id` = \'1\', `lesson_name` = \'语文1\', `student_id` = \'12222222\'
WHERE `id` = \'1\'')
 3 SYSTEMPATH/Database/BaseBuilder.php(2521): CodeIgniter\Database\BaseConnection->query('UPDATE `usr_lesson` SET `id` = :id.1:, `lesson_name` = :lesson_name:, `student_id` = :student_id:
WHERE `id` = :id:', [...], false)
 4 APPPATH/Controllers/Model.php(64): CodeIgniter\Database\BaseBuilder->update([...])
 5 SYSTEMPATH/CodeIgniter.php(933): App\Controllers\Model->rowUpdate('usr_lesson', '1')
 6 SYSTEMPATH/CodeIgniter.php(507): CodeIgniter\CodeIgniter->runController(Object(App\Controllers\Model))
 7 SYSTEMPATH/CodeIgniter.php(354): CodeIgniter\CodeIgniter->handleRequest(null, Object(Config\Cache), false)
 8 SYSTEMPATH/Boot.php(363): CodeIgniter\CodeIgniter->run()
 9 SYSTEMPATH/Boot.php(68): CodeIgniter\Boot::runCodeIgniter(Object(CodeIgniter\CodeIgniter))
10 FCPATH/index.php(59): CodeIgniter\Boot::bootWeb(Object(Config\Paths))
CRITICAL - 2025-07-31 23:06:54 --> [Caused by] mysqli_sql_exception: Cannot add or update a child row: a foreign key constraint fails (`laycms`.`usr_lesson`, CONSTRAINT `student_id` FOREIGN KEY (`student_id`) REFERENCES `usr_student` (`id`))
in SYSTEMPATH/Database/MySQLi/Connection.php on line 327.
 1 SYSTEMPATH/Database/MySQLi/Connection.php(327): mysqli->query('UPDATE `usr_lesson` SET `id` = \'1\', `lesson_name` = \'语文1\', `student_id` = \'12222222\'
WHERE `id` = \'1\'', 0)
 2 SYSTEMPATH/Database/BaseConnection.php(729): CodeIgniter\Database\MySQLi\Connection->execute('UPDATE `usr_lesson` SET `id` = \'1\', `lesson_name` = \'语文1\', `student_id` = \'12222222\'
WHERE `id` = \'1\'')
 3 SYSTEMPATH/Database/BaseConnection.php(646): CodeIgniter\Database\BaseConnection->simpleQuery('UPDATE `usr_lesson` SET `id` = \'1\', `lesson_name` = \'语文1\', `student_id` = \'12222222\'
WHERE `id` = \'1\'')
 4 SYSTEMPATH/Database/BaseBuilder.php(2521): CodeIgniter\Database\BaseConnection->query('UPDATE `usr_lesson` SET `id` = :id.1:, `lesson_name` = :lesson_name:, `student_id` = :student_id:
WHERE `id` = :id:', [...], false)
 5 APPPATH/Controllers/Model.php(64): CodeIgniter\Database\BaseBuilder->update([...])
 6 SYSTEMPATH/CodeIgniter.php(933): App\Controllers\Model->rowUpdate('usr_lesson', '1')
 7 SYSTEMPATH/CodeIgniter.php(507): CodeIgniter\CodeIgniter->runController(Object(App\Controllers\Model))
 8 SYSTEMPATH/CodeIgniter.php(354): CodeIgniter\CodeIgniter->handleRequest(null, Object(Config\Cache), false)
 9 SYSTEMPATH/Boot.php(363): CodeIgniter\CodeIgniter->run()
10 SYSTEMPATH/Boot.php(68): CodeIgniter\Boot::runCodeIgniter(Object(CodeIgniter\CodeIgniter))
11 FCPATH/index.php(59): CodeIgniter\Boot::bootWeb(Object(Config\Paths))
ERROR - 2025-07-31 23:09:55 --> mysqli_sql_exception: Cannot add or update a child row: a foreign key constraint fails (`laycms`.`usr_lesson`, CONSTRAINT `student_id` FOREIGN KEY (`student_id`) REFERENCES `usr_student` (`id`)) in /opt/homebrew/var/www/laycms/system/Database/MySQLi/Connection.php:327
Stack trace:
#0 /opt/homebrew/var/www/laycms/system/Database/MySQLi/Connection.php(327): mysqli->query('UPDATE `usr_les...', 0)
#1 /opt/homebrew/var/www/laycms/system/Database/BaseConnection.php(729): CodeIgniter\Database\MySQLi\Connection->execute('UPDATE `usr_les...')
#2 /opt/homebrew/var/www/laycms/system/Database/BaseConnection.php(646): CodeIgniter\Database\BaseConnection->simpleQuery('UPDATE `usr_les...')
#3 /opt/homebrew/var/www/laycms/system/Database/BaseBuilder.php(2521): CodeIgniter\Database\BaseConnection->query('UPDATE `usr_les...', Array, false)
#4 /opt/homebrew/var/www/laycms/app/Controllers/Model.php(64): CodeIgniter\Database\BaseBuilder->update(Array)
#5 /opt/homebrew/var/www/laycms/system/CodeIgniter.php(933): App\Controllers\Model->rowUpdate('usr_lesson', '1')
#6 /opt/homebrew/var/www/laycms/system/CodeIgniter.php(507): CodeIgniter\CodeIgniter->runController(Object(App\Controllers\Model))
#7 /opt/homebrew/var/www/laycms/system/CodeIgniter.php(354): CodeIgniter\CodeIgniter->handleRequest(NULL, Object(Config\Cache), false)
#8 /opt/homebrew/var/www/laycms/system/Boot.php(363): CodeIgniter\CodeIgniter->run()
#9 /opt/homebrew/var/www/laycms/system/Boot.php(68): CodeIgniter\Boot::runCodeIgniter(Object(CodeIgniter\CodeIgniter))
#10 /opt/homebrew/var/www/laycms/index.php(59): CodeIgniter\Boot::bootWeb(Object(Config\Paths))
#11 {main}
ERROR - 2025-07-31 23:10:24 --> mysqli_sql_exception: Cannot add or update a child row: a foreign key constraint fails (`laycms`.`usr_lesson`, CONSTRAINT `student_id` FOREIGN KEY (`student_id`) REFERENCES `usr_student` (`id`)) in /opt/homebrew/var/www/laycms/system/Database/MySQLi/Connection.php:327
Stack trace:
#0 /opt/homebrew/var/www/laycms/system/Database/MySQLi/Connection.php(327): mysqli->query('UPDATE `usr_les...', 0)
#1 /opt/homebrew/var/www/laycms/system/Database/BaseConnection.php(729): CodeIgniter\Database\MySQLi\Connection->execute('UPDATE `usr_les...')
#2 /opt/homebrew/var/www/laycms/system/Database/BaseConnection.php(646): CodeIgniter\Database\BaseConnection->simpleQuery('UPDATE `usr_les...')
#3 /opt/homebrew/var/www/laycms/system/Database/BaseBuilder.php(2521): CodeIgniter\Database\BaseConnection->query('UPDATE `usr_les...', Array, false)
#4 /opt/homebrew/var/www/laycms/app/Controllers/Model.php(64): CodeIgniter\Database\BaseBuilder->update(Array)
#5 /opt/homebrew/var/www/laycms/system/CodeIgniter.php(933): App\Controllers\Model->rowUpdate('usr_lesson', '1')
#6 /opt/homebrew/var/www/laycms/system/CodeIgniter.php(507): CodeIgniter\CodeIgniter->runController(Object(App\Controllers\Model))
#7 /opt/homebrew/var/www/laycms/system/CodeIgniter.php(354): CodeIgniter\CodeIgniter->handleRequest(NULL, Object(Config\Cache), false)
#8 /opt/homebrew/var/www/laycms/system/Boot.php(363): CodeIgniter\CodeIgniter->run()
#9 /opt/homebrew/var/www/laycms/system/Boot.php(68): CodeIgniter\Boot::runCodeIgniter(Object(CodeIgniter\CodeIgniter))
#10 /opt/homebrew/var/www/laycms/index.php(59): CodeIgniter\Boot::bootWeb(Object(Config\Paths))
#11 {main}
ERROR - 2025-07-31 23:11:48 --> mysqli_sql_exception: Cannot add or update a child row: a foreign key constraint fails (`laycms`.`usr_lesson`, CONSTRAINT `student_id` FOREIGN KEY (`student_id`) REFERENCES `usr_student` (`id`)) in /opt/homebrew/var/www/laycms/system/Database/MySQLi/Connection.php:327
Stack trace:
#0 /opt/homebrew/var/www/laycms/system/Database/MySQLi/Connection.php(327): mysqli->query('UPDATE `usr_les...', 0)
#1 /opt/homebrew/var/www/laycms/system/Database/BaseConnection.php(729): CodeIgniter\Database\MySQLi\Connection->execute('UPDATE `usr_les...')
#2 /opt/homebrew/var/www/laycms/system/Database/BaseConnection.php(646): CodeIgniter\Database\BaseConnection->simpleQuery('UPDATE `usr_les...')
#3 /opt/homebrew/var/www/laycms/system/Database/BaseBuilder.php(2521): CodeIgniter\Database\BaseConnection->query('UPDATE `usr_les...', Array, false)
#4 /opt/homebrew/var/www/laycms/app/Controllers/Model.php(64): CodeIgniter\Database\BaseBuilder->update(Array)
#5 /opt/homebrew/var/www/laycms/system/CodeIgniter.php(933): App\Controllers\Model->rowUpdate('usr_lesson', '1')
#6 /opt/homebrew/var/www/laycms/system/CodeIgniter.php(507): CodeIgniter\CodeIgniter->runController(Object(App\Controllers\Model))
#7 /opt/homebrew/var/www/laycms/system/CodeIgniter.php(354): CodeIgniter\CodeIgniter->handleRequest(NULL, Object(Config\Cache), false)
#8 /opt/homebrew/var/www/laycms/system/Boot.php(363): CodeIgniter\CodeIgniter->run()
#9 /opt/homebrew/var/www/laycms/system/Boot.php(68): CodeIgniter\Boot::runCodeIgniter(Object(CodeIgniter\CodeIgniter))
#10 /opt/homebrew/var/www/laycms/index.php(59): CodeIgniter\Boot::bootWeb(Object(Config\Paths))
#11 {main}
ERROR - 2025-07-31 23:11:57 --> mysqli_sql_exception: Cannot add or update a child row: a foreign key constraint fails (`laycms`.`usr_lesson`, CONSTRAINT `student_id` FOREIGN KEY (`student_id`) REFERENCES `usr_student` (`id`)) in /opt/homebrew/var/www/laycms/system/Database/MySQLi/Connection.php:327
Stack trace:
#0 /opt/homebrew/var/www/laycms/system/Database/MySQLi/Connection.php(327): mysqli->query('UPDATE `usr_les...', 0)
#1 /opt/homebrew/var/www/laycms/system/Database/BaseConnection.php(729): CodeIgniter\Database\MySQLi\Connection->execute('UPDATE `usr_les...')
#2 /opt/homebrew/var/www/laycms/system/Database/BaseConnection.php(646): CodeIgniter\Database\BaseConnection->simpleQuery('UPDATE `usr_les...')
#3 /opt/homebrew/var/www/laycms/system/Database/BaseBuilder.php(2521): CodeIgniter\Database\BaseConnection->query('UPDATE `usr_les...', Array, false)
#4 /opt/homebrew/var/www/laycms/app/Controllers/Model.php(64): CodeIgniter\Database\BaseBuilder->update(Array)
#5 /opt/homebrew/var/www/laycms/system/CodeIgniter.php(933): App\Controllers\Model->rowUpdate('usr_lesson', '1')
#6 /opt/homebrew/var/www/laycms/system/CodeIgniter.php(507): CodeIgniter\CodeIgniter->runController(Object(App\Controllers\Model))
#7 /opt/homebrew/var/www/laycms/system/CodeIgniter.php(354): CodeIgniter\CodeIgniter->handleRequest(NULL, Object(Config\Cache), false)
#8 /opt/homebrew/var/www/laycms/system/Boot.php(363): CodeIgniter\CodeIgniter->run()
#9 /opt/homebrew/var/www/laycms/system/Boot.php(68): CodeIgniter\Boot::runCodeIgniter(Object(CodeIgniter\CodeIgniter))
#10 /opt/homebrew/var/www/laycms/index.php(59): CodeIgniter\Boot::bootWeb(Object(Config\Paths))
#11 {main}
ERROR - 2025-07-31 23:12:29 --> mysqli_sql_exception: Cannot add or update a child row: a foreign key constraint fails (`laycms`.`usr_lesson`, CONSTRAINT `student_id` FOREIGN KEY (`student_id`) REFERENCES `usr_student` (`id`)) in /opt/homebrew/var/www/laycms/system/Database/MySQLi/Connection.php:327
Stack trace:
#0 /opt/homebrew/var/www/laycms/system/Database/MySQLi/Connection.php(327): mysqli->query('UPDATE `usr_les...', 0)
#1 /opt/homebrew/var/www/laycms/system/Database/BaseConnection.php(729): CodeIgniter\Database\MySQLi\Connection->execute('UPDATE `usr_les...')
#2 /opt/homebrew/var/www/laycms/system/Database/BaseConnection.php(646): CodeIgniter\Database\BaseConnection->simpleQuery('UPDATE `usr_les...')
#3 /opt/homebrew/var/www/laycms/system/Database/BaseBuilder.php(2521): CodeIgniter\Database\BaseConnection->query('UPDATE `usr_les...', Array, false)
#4 /opt/homebrew/var/www/laycms/app/Controllers/Model.php(64): CodeIgniter\Database\BaseBuilder->update(Array)
#5 /opt/homebrew/var/www/laycms/system/CodeIgniter.php(933): App\Controllers\Model->rowUpdate('usr_lesson', '1')
#6 /opt/homebrew/var/www/laycms/system/CodeIgniter.php(507): CodeIgniter\CodeIgniter->runController(Object(App\Controllers\Model))
#7 /opt/homebrew/var/www/laycms/system/CodeIgniter.php(354): CodeIgniter\CodeIgniter->handleRequest(NULL, Object(Config\Cache), false)
#8 /opt/homebrew/var/www/laycms/system/Boot.php(363): CodeIgniter\CodeIgniter->run()
#9 /opt/homebrew/var/www/laycms/system/Boot.php(68): CodeIgniter\Boot::runCodeIgniter(Object(CodeIgniter\CodeIgniter))
#10 /opt/homebrew/var/www/laycms/index.php(59): CodeIgniter\Boot::bootWeb(Object(Config\Paths))
#11 {main}
ERROR - 2025-07-31 23:12:33 --> mysqli_sql_exception: Cannot add or update a child row: a foreign key constraint fails (`laycms`.`usr_lesson`, CONSTRAINT `student_id` FOREIGN KEY (`student_id`) REFERENCES `usr_student` (`id`)) in /opt/homebrew/var/www/laycms/system/Database/MySQLi/Connection.php:327
Stack trace:
#0 /opt/homebrew/var/www/laycms/system/Database/MySQLi/Connection.php(327): mysqli->query('UPDATE `usr_les...', 0)
#1 /opt/homebrew/var/www/laycms/system/Database/BaseConnection.php(729): CodeIgniter\Database\MySQLi\Connection->execute('UPDATE `usr_les...')
#2 /opt/homebrew/var/www/laycms/system/Database/BaseConnection.php(646): CodeIgniter\Database\BaseConnection->simpleQuery('UPDATE `usr_les...')
#3 /opt/homebrew/var/www/laycms/system/Database/BaseBuilder.php(2521): CodeIgniter\Database\BaseConnection->query('UPDATE `usr_les...', Array, false)
#4 /opt/homebrew/var/www/laycms/app/Controllers/Model.php(64): CodeIgniter\Database\BaseBuilder->update(Array)
#5 /opt/homebrew/var/www/laycms/system/CodeIgniter.php(933): App\Controllers\Model->rowUpdate('usr_lesson', '1')
#6 /opt/homebrew/var/www/laycms/system/CodeIgniter.php(507): CodeIgniter\CodeIgniter->runController(Object(App\Controllers\Model))
#7 /opt/homebrew/var/www/laycms/system/CodeIgniter.php(354): CodeIgniter\CodeIgniter->handleRequest(NULL, Object(Config\Cache), false)
#8 /opt/homebrew/var/www/laycms/system/Boot.php(363): CodeIgniter\CodeIgniter->run()
#9 /opt/homebrew/var/www/laycms/system/Boot.php(68): CodeIgniter\Boot::runCodeIgniter(Object(CodeIgniter\CodeIgniter))
#10 /opt/homebrew/var/www/laycms/index.php(59): CodeIgniter\Boot::bootWeb(Object(Config\Paths))
#11 {main}
ERROR - 2025-07-31 23:12:37 --> mysqli_sql_exception: Cannot add or update a child row: a foreign key constraint fails (`laycms`.`usr_lesson`, CONSTRAINT `student_id` FOREIGN KEY (`student_id`) REFERENCES `usr_student` (`id`)) in /opt/homebrew/var/www/laycms/system/Database/MySQLi/Connection.php:327
Stack trace:
#0 /opt/homebrew/var/www/laycms/system/Database/MySQLi/Connection.php(327): mysqli->query('UPDATE `usr_les...', 0)
#1 /opt/homebrew/var/www/laycms/system/Database/BaseConnection.php(729): CodeIgniter\Database\MySQLi\Connection->execute('UPDATE `usr_les...')
#2 /opt/homebrew/var/www/laycms/system/Database/BaseConnection.php(646): CodeIgniter\Database\BaseConnection->simpleQuery('UPDATE `usr_les...')
#3 /opt/homebrew/var/www/laycms/system/Database/BaseBuilder.php(2521): CodeIgniter\Database\BaseConnection->query('UPDATE `usr_les...', Array, false)
#4 /opt/homebrew/var/www/laycms/app/Controllers/Model.php(64): CodeIgniter\Database\BaseBuilder->update(Array)
#5 /opt/homebrew/var/www/laycms/system/CodeIgniter.php(933): App\Controllers\Model->rowUpdate('usr_lesson', '1')
#6 /opt/homebrew/var/www/laycms/system/CodeIgniter.php(507): CodeIgniter\CodeIgniter->runController(Object(App\Controllers\Model))
#7 /opt/homebrew/var/www/laycms/system/CodeIgniter.php(354): CodeIgniter\CodeIgniter->handleRequest(NULL, Object(Config\Cache), false)
#8 /opt/homebrew/var/www/laycms/system/Boot.php(363): CodeIgniter\CodeIgniter->run()
#9 /opt/homebrew/var/www/laycms/system/Boot.php(68): CodeIgniter\Boot::runCodeIgniter(Object(CodeIgniter\CodeIgniter))
#10 /opt/homebrew/var/www/laycms/index.php(59): CodeIgniter\Boot::bootWeb(Object(Config\Paths))
#11 {main}
ERROR - 2025-07-31 23:12:45 --> mysqli_sql_exception: Cannot add or update a child row: a foreign key constraint fails (`laycms`.`usr_lesson`, CONSTRAINT `student_id` FOREIGN KEY (`student_id`) REFERENCES `usr_student` (`id`)) in /opt/homebrew/var/www/laycms/system/Database/MySQLi/Connection.php:327
Stack trace:
#0 /opt/homebrew/var/www/laycms/system/Database/MySQLi/Connection.php(327): mysqli->query('UPDATE `usr_les...', 0)
#1 /opt/homebrew/var/www/laycms/system/Database/BaseConnection.php(729): CodeIgniter\Database\MySQLi\Connection->execute('UPDATE `usr_les...')
#2 /opt/homebrew/var/www/laycms/system/Database/BaseConnection.php(646): CodeIgniter\Database\BaseConnection->simpleQuery('UPDATE `usr_les...')
#3 /opt/homebrew/var/www/laycms/system/Database/BaseBuilder.php(2521): CodeIgniter\Database\BaseConnection->query('UPDATE `usr_les...', Array, false)
#4 /opt/homebrew/var/www/laycms/app/Controllers/Model.php(64): CodeIgniter\Database\BaseBuilder->update(Array)
#5 /opt/homebrew/var/www/laycms/system/CodeIgniter.php(933): App\Controllers\Model->rowUpdate('usr_lesson', '1')
#6 /opt/homebrew/var/www/laycms/system/CodeIgniter.php(507): CodeIgniter\CodeIgniter->runController(Object(App\Controllers\Model))
#7 /opt/homebrew/var/www/laycms/system/CodeIgniter.php(354): CodeIgniter\CodeIgniter->handleRequest(NULL, Object(Config\Cache), false)
#8 /opt/homebrew/var/www/laycms/system/Boot.php(363): CodeIgniter\CodeIgniter->run()
#9 /opt/homebrew/var/www/laycms/system/Boot.php(68): CodeIgniter\Boot::runCodeIgniter(Object(CodeIgniter\CodeIgniter))
#10 /opt/homebrew/var/www/laycms/index.php(59): CodeIgniter\Boot::bootWeb(Object(Config\Paths))
#11 {main}
ERROR - 2025-07-31 23:12:53 --> mysqli_sql_exception: Cannot add or update a child row: a foreign key constraint fails (`laycms`.`usr_lesson`, CONSTRAINT `student_id` FOREIGN KEY (`student_id`) REFERENCES `usr_student` (`id`)) in /opt/homebrew/var/www/laycms/system/Database/MySQLi/Connection.php:327
Stack trace:
#0 /opt/homebrew/var/www/laycms/system/Database/MySQLi/Connection.php(327): mysqli->query('UPDATE `usr_les...', 0)
#1 /opt/homebrew/var/www/laycms/system/Database/BaseConnection.php(729): CodeIgniter\Database\MySQLi\Connection->execute('UPDATE `usr_les...')
#2 /opt/homebrew/var/www/laycms/system/Database/BaseConnection.php(646): CodeIgniter\Database\BaseConnection->simpleQuery('UPDATE `usr_les...')
#3 /opt/homebrew/var/www/laycms/system/Database/BaseBuilder.php(2521): CodeIgniter\Database\BaseConnection->query('UPDATE `usr_les...', Array, false)
#4 /opt/homebrew/var/www/laycms/app/Controllers/Model.php(64): CodeIgniter\Database\BaseBuilder->update(Array)
#5 /opt/homebrew/var/www/laycms/system/CodeIgniter.php(933): App\Controllers\Model->rowUpdate('usr_lesson', '1')
#6 /opt/homebrew/var/www/laycms/system/CodeIgniter.php(507): CodeIgniter\CodeIgniter->runController(Object(App\Controllers\Model))
#7 /opt/homebrew/var/www/laycms/system/CodeIgniter.php(354): CodeIgniter\CodeIgniter->handleRequest(NULL, Object(Config\Cache), false)
#8 /opt/homebrew/var/www/laycms/system/Boot.php(363): CodeIgniter\CodeIgniter->run()
#9 /opt/homebrew/var/www/laycms/system/Boot.php(68): CodeIgniter\Boot::runCodeIgniter(Object(CodeIgniter\CodeIgniter))
#10 /opt/homebrew/var/www/laycms/index.php(59): CodeIgniter\Boot::bootWeb(Object(Config\Paths))
#11 {main}
ERROR - 2025-07-31 23:12:56 --> mysqli_sql_exception: Cannot add or update a child row: a foreign key constraint fails (`laycms`.`usr_lesson`, CONSTRAINT `student_id` FOREIGN KEY (`student_id`) REFERENCES `usr_student` (`id`)) in /opt/homebrew/var/www/laycms/system/Database/MySQLi/Connection.php:327
Stack trace:
#0 /opt/homebrew/var/www/laycms/system/Database/MySQLi/Connection.php(327): mysqli->query('UPDATE `usr_les...', 0)
#1 /opt/homebrew/var/www/laycms/system/Database/BaseConnection.php(729): CodeIgniter\Database\MySQLi\Connection->execute('UPDATE `usr_les...')
#2 /opt/homebrew/var/www/laycms/system/Database/BaseConnection.php(646): CodeIgniter\Database\BaseConnection->simpleQuery('UPDATE `usr_les...')
#3 /opt/homebrew/var/www/laycms/system/Database/BaseBuilder.php(2521): CodeIgniter\Database\BaseConnection->query('UPDATE `usr_les...', Array, false)
#4 /opt/homebrew/var/www/laycms/app/Controllers/Model.php(64): CodeIgniter\Database\BaseBuilder->update(Array)
#5 /opt/homebrew/var/www/laycms/system/CodeIgniter.php(933): App\Controllers\Model->rowUpdate('usr_lesson', '1')
#6 /opt/homebrew/var/www/laycms/system/CodeIgniter.php(507): CodeIgniter\CodeIgniter->runController(Object(App\Controllers\Model))
#7 /opt/homebrew/var/www/laycms/system/CodeIgniter.php(354): CodeIgniter\CodeIgniter->handleRequest(NULL, Object(Config\Cache), false)
#8 /opt/homebrew/var/www/laycms/system/Boot.php(363): CodeIgniter\CodeIgniter->run()
#9 /opt/homebrew/var/www/laycms/system/Boot.php(68): CodeIgniter\Boot::runCodeIgniter(Object(CodeIgniter\CodeIgniter))
#10 /opt/homebrew/var/www/laycms/index.php(59): CodeIgniter\Boot::bootWeb(Object(Config\Paths))
#11 {main}
ERROR - 2025-07-31 23:13:16 --> mysqli_sql_exception: Cannot add or update a child row: a foreign key constraint fails (`laycms`.`usr_lesson`, CONSTRAINT `student_id` FOREIGN KEY (`student_id`) REFERENCES `usr_student` (`id`)) in /opt/homebrew/var/www/laycms/system/Database/MySQLi/Connection.php:327
Stack trace:
#0 /opt/homebrew/var/www/laycms/system/Database/MySQLi/Connection.php(327): mysqli->query('UPDATE `usr_les...', 0)
#1 /opt/homebrew/var/www/laycms/system/Database/BaseConnection.php(729): CodeIgniter\Database\MySQLi\Connection->execute('UPDATE `usr_les...')
#2 /opt/homebrew/var/www/laycms/system/Database/BaseConnection.php(646): CodeIgniter\Database\BaseConnection->simpleQuery('UPDATE `usr_les...')
#3 /opt/homebrew/var/www/laycms/system/Database/BaseBuilder.php(2521): CodeIgniter\Database\BaseConnection->query('UPDATE `usr_les...', Array, false)
#4 /opt/homebrew/var/www/laycms/app/Controllers/Model.php(64): CodeIgniter\Database\BaseBuilder->update(Array)
#5 /opt/homebrew/var/www/laycms/system/CodeIgniter.php(933): App\Controllers\Model->rowUpdate('usr_lesson', '1')
#6 /opt/homebrew/var/www/laycms/system/CodeIgniter.php(507): CodeIgniter\CodeIgniter->runController(Object(App\Controllers\Model))
#7 /opt/homebrew/var/www/laycms/system/CodeIgniter.php(354): CodeIgniter\CodeIgniter->handleRequest(NULL, Object(Config\Cache), false)
#8 /opt/homebrew/var/www/laycms/system/Boot.php(363): CodeIgniter\CodeIgniter->run()
#9 /opt/homebrew/var/www/laycms/system/Boot.php(68): CodeIgniter\Boot::runCodeIgniter(Object(CodeIgniter\CodeIgniter))
#10 /opt/homebrew/var/www/laycms/index.php(59): CodeIgniter\Boot::bootWeb(Object(Config\Paths))
#11 {main}
ERROR - 2025-07-31 23:13:20 --> mysqli_sql_exception: Cannot add or update a child row: a foreign key constraint fails (`laycms`.`usr_lesson`, CONSTRAINT `student_id` FOREIGN KEY (`student_id`) REFERENCES `usr_student` (`id`)) in /opt/homebrew/var/www/laycms/system/Database/MySQLi/Connection.php:327
Stack trace:
#0 /opt/homebrew/var/www/laycms/system/Database/MySQLi/Connection.php(327): mysqli->query('UPDATE `usr_les...', 0)
#1 /opt/homebrew/var/www/laycms/system/Database/BaseConnection.php(729): CodeIgniter\Database\MySQLi\Connection->execute('UPDATE `usr_les...')
#2 /opt/homebrew/var/www/laycms/system/Database/BaseConnection.php(646): CodeIgniter\Database\BaseConnection->simpleQuery('UPDATE `usr_les...')
#3 /opt/homebrew/var/www/laycms/system/Database/BaseBuilder.php(2521): CodeIgniter\Database\BaseConnection->query('UPDATE `usr_les...', Array, false)
#4 /opt/homebrew/var/www/laycms/app/Controllers/Model.php(64): CodeIgniter\Database\BaseBuilder->update(Array)
#5 /opt/homebrew/var/www/laycms/system/CodeIgniter.php(933): App\Controllers\Model->rowUpdate('usr_lesson', '1')
#6 /opt/homebrew/var/www/laycms/system/CodeIgniter.php(507): CodeIgniter\CodeIgniter->runController(Object(App\Controllers\Model))
#7 /opt/homebrew/var/www/laycms/system/CodeIgniter.php(354): CodeIgniter\CodeIgniter->handleRequest(NULL, Object(Config\Cache), false)
#8 /opt/homebrew/var/www/laycms/system/Boot.php(363): CodeIgniter\CodeIgniter->run()
#9 /opt/homebrew/var/www/laycms/system/Boot.php(68): CodeIgniter\Boot::runCodeIgniter(Object(CodeIgniter\CodeIgniter))
#10 /opt/homebrew/var/www/laycms/index.php(59): CodeIgniter\Boot::bootWeb(Object(Config\Paths))
#11 {main}
ERROR - 2025-07-31 23:13:24 --> mysqli_sql_exception: Cannot add or update a child row: a foreign key constraint fails (`laycms`.`usr_lesson`, CONSTRAINT `student_id` FOREIGN KEY (`student_id`) REFERENCES `usr_student` (`id`)) in /opt/homebrew/var/www/laycms/system/Database/MySQLi/Connection.php:327
Stack trace:
#0 /opt/homebrew/var/www/laycms/system/Database/MySQLi/Connection.php(327): mysqli->query('UPDATE `usr_les...', 0)
#1 /opt/homebrew/var/www/laycms/system/Database/BaseConnection.php(729): CodeIgniter\Database\MySQLi\Connection->execute('UPDATE `usr_les...')
#2 /opt/homebrew/var/www/laycms/system/Database/BaseConnection.php(646): CodeIgniter\Database\BaseConnection->simpleQuery('UPDATE `usr_les...')
#3 /opt/homebrew/var/www/laycms/system/Database/BaseBuilder.php(2521): CodeIgniter\Database\BaseConnection->query('UPDATE `usr_les...', Array, false)
#4 /opt/homebrew/var/www/laycms/app/Controllers/Model.php(64): CodeIgniter\Database\BaseBuilder->update(Array)
#5 /opt/homebrew/var/www/laycms/system/CodeIgniter.php(933): App\Controllers\Model->rowUpdate('usr_lesson', '1')
#6 /opt/homebrew/var/www/laycms/system/CodeIgniter.php(507): CodeIgniter\CodeIgniter->runController(Object(App\Controllers\Model))
#7 /opt/homebrew/var/www/laycms/system/CodeIgniter.php(354): CodeIgniter\CodeIgniter->handleRequest(NULL, Object(Config\Cache), false)
#8 /opt/homebrew/var/www/laycms/system/Boot.php(363): CodeIgniter\CodeIgniter->run()
#9 /opt/homebrew/var/www/laycms/system/Boot.php(68): CodeIgniter\Boot::runCodeIgniter(Object(CodeIgniter\CodeIgniter))
#10 /opt/homebrew/var/www/laycms/index.php(59): CodeIgniter\Boot::bootWeb(Object(Config\Paths))
#11 {main}
ERROR - 2025-07-31 23:13:28 --> mysqli_sql_exception: Cannot add or update a child row: a foreign key constraint fails (`laycms`.`usr_lesson`, CONSTRAINT `student_id` FOREIGN KEY (`student_id`) REFERENCES `usr_student` (`id`)) in /opt/homebrew/var/www/laycms/system/Database/MySQLi/Connection.php:327
Stack trace:
#0 /opt/homebrew/var/www/laycms/system/Database/MySQLi/Connection.php(327): mysqli->query('UPDATE `usr_les...', 0)
#1 /opt/homebrew/var/www/laycms/system/Database/BaseConnection.php(729): CodeIgniter\Database\MySQLi\Connection->execute('UPDATE `usr_les...')
#2 /opt/homebrew/var/www/laycms/system/Database/BaseConnection.php(646): CodeIgniter\Database\BaseConnection->simpleQuery('UPDATE `usr_les...')
#3 /opt/homebrew/var/www/laycms/system/Database/BaseBuilder.php(2521): CodeIgniter\Database\BaseConnection->query('UPDATE `usr_les...', Array, false)
#4 /opt/homebrew/var/www/laycms/app/Controllers/Model.php(64): CodeIgniter\Database\BaseBuilder->update(Array)
#5 /opt/homebrew/var/www/laycms/system/CodeIgniter.php(933): App\Controllers\Model->rowUpdate('usr_lesson', '1')
#6 /opt/homebrew/var/www/laycms/system/CodeIgniter.php(507): CodeIgniter\CodeIgniter->runController(Object(App\Controllers\Model))
#7 /opt/homebrew/var/www/laycms/system/CodeIgniter.php(354): CodeIgniter\CodeIgniter->handleRequest(NULL, Object(Config\Cache), false)
#8 /opt/homebrew/var/www/laycms/system/Boot.php(363): CodeIgniter\CodeIgniter->run()
#9 /opt/homebrew/var/www/laycms/system/Boot.php(68): CodeIgniter\Boot::runCodeIgniter(Object(CodeIgniter\CodeIgniter))
#10 /opt/homebrew/var/www/laycms/index.php(59): CodeIgniter\Boot::bootWeb(Object(Config\Paths))
#11 {main}
ERROR - 2025-07-31 23:13:31 --> mysqli_sql_exception: Cannot add or update a child row: a foreign key constraint fails (`laycms`.`usr_lesson`, CONSTRAINT `student_id` FOREIGN KEY (`student_id`) REFERENCES `usr_student` (`id`)) in /opt/homebrew/var/www/laycms/system/Database/MySQLi/Connection.php:327
Stack trace:
#0 /opt/homebrew/var/www/laycms/system/Database/MySQLi/Connection.php(327): mysqli->query('UPDATE `usr_les...', 0)
#1 /opt/homebrew/var/www/laycms/system/Database/BaseConnection.php(729): CodeIgniter\Database\MySQLi\Connection->execute('UPDATE `usr_les...')
#2 /opt/homebrew/var/www/laycms/system/Database/BaseConnection.php(646): CodeIgniter\Database\BaseConnection->simpleQuery('UPDATE `usr_les...')
#3 /opt/homebrew/var/www/laycms/system/Database/BaseBuilder.php(2521): CodeIgniter\Database\BaseConnection->query('UPDATE `usr_les...', Array, false)
#4 /opt/homebrew/var/www/laycms/app/Controllers/Model.php(64): CodeIgniter\Database\BaseBuilder->update(Array)
#5 /opt/homebrew/var/www/laycms/system/CodeIgniter.php(933): App\Controllers\Model->rowUpdate('usr_lesson', '1')
#6 /opt/homebrew/var/www/laycms/system/CodeIgniter.php(507): CodeIgniter\CodeIgniter->runController(Object(App\Controllers\Model))
#7 /opt/homebrew/var/www/laycms/system/CodeIgniter.php(354): CodeIgniter\CodeIgniter->handleRequest(NULL, Object(Config\Cache), false)
#8 /opt/homebrew/var/www/laycms/system/Boot.php(363): CodeIgniter\CodeIgniter->run()
#9 /opt/homebrew/var/www/laycms/system/Boot.php(68): CodeIgniter\Boot::runCodeIgniter(Object(CodeIgniter\CodeIgniter))
#10 /opt/homebrew/var/www/laycms/index.php(59): CodeIgniter\Boot::bootWeb(Object(Config\Paths))
#11 {main}
ERROR - 2025-07-31 23:13:35 --> mysqli_sql_exception: Cannot add or update a child row: a foreign key constraint fails (`laycms`.`usr_lesson`, CONSTRAINT `student_id` FOREIGN KEY (`student_id`) REFERENCES `usr_student` (`id`)) in /opt/homebrew/var/www/laycms/system/Database/MySQLi/Connection.php:327
Stack trace:
#0 /opt/homebrew/var/www/laycms/system/Database/MySQLi/Connection.php(327): mysqli->query('UPDATE `usr_les...', 0)
#1 /opt/homebrew/var/www/laycms/system/Database/BaseConnection.php(729): CodeIgniter\Database\MySQLi\Connection->execute('UPDATE `usr_les...')
#2 /opt/homebrew/var/www/laycms/system/Database/BaseConnection.php(646): CodeIgniter\Database\BaseConnection->simpleQuery('UPDATE `usr_les...')
#3 /opt/homebrew/var/www/laycms/system/Database/BaseBuilder.php(2521): CodeIgniter\Database\BaseConnection->query('UPDATE `usr_les...', Array, false)
#4 /opt/homebrew/var/www/laycms/app/Controllers/Model.php(64): CodeIgniter\Database\BaseBuilder->update(Array)
#5 /opt/homebrew/var/www/laycms/system/CodeIgniter.php(933): App\Controllers\Model->rowUpdate('usr_lesson', '1')
#6 /opt/homebrew/var/www/laycms/system/CodeIgniter.php(507): CodeIgniter\CodeIgniter->runController(Object(App\Controllers\Model))
#7 /opt/homebrew/var/www/laycms/system/CodeIgniter.php(354): CodeIgniter\CodeIgniter->handleRequest(NULL, Object(Config\Cache), false)
#8 /opt/homebrew/var/www/laycms/system/Boot.php(363): CodeIgniter\CodeIgniter->run()
#9 /opt/homebrew/var/www/laycms/system/Boot.php(68): CodeIgniter\Boot::runCodeIgniter(Object(CodeIgniter\CodeIgniter))
#10 /opt/homebrew/var/www/laycms/index.php(59): CodeIgniter\Boot::bootWeb(Object(Config\Paths))
#11 {main}
ERROR - 2025-07-31 23:13:38 --> mysqli_sql_exception: Cannot add or update a child row: a foreign key constraint fails (`laycms`.`usr_lesson`, CONSTRAINT `student_id` FOREIGN KEY (`student_id`) REFERENCES `usr_student` (`id`)) in /opt/homebrew/var/www/laycms/system/Database/MySQLi/Connection.php:327
Stack trace:
#0 /opt/homebrew/var/www/laycms/system/Database/MySQLi/Connection.php(327): mysqli->query('UPDATE `usr_les...', 0)
#1 /opt/homebrew/var/www/laycms/system/Database/BaseConnection.php(729): CodeIgniter\Database\MySQLi\Connection->execute('UPDATE `usr_les...')
#2 /opt/homebrew/var/www/laycms/system/Database/BaseConnection.php(646): CodeIgniter\Database\BaseConnection->simpleQuery('UPDATE `usr_les...')
#3 /opt/homebrew/var/www/laycms/system/Database/BaseBuilder.php(2521): CodeIgniter\Database\BaseConnection->query('UPDATE `usr_les...', Array, false)
#4 /opt/homebrew/var/www/laycms/app/Controllers/Model.php(64): CodeIgniter\Database\BaseBuilder->update(Array)
#5 /opt/homebrew/var/www/laycms/system/CodeIgniter.php(933): App\Controllers\Model->rowUpdate('usr_lesson', '1')
#6 /opt/homebrew/var/www/laycms/system/CodeIgniter.php(507): CodeIgniter\CodeIgniter->runController(Object(App\Controllers\Model))
#7 /opt/homebrew/var/www/laycms/system/CodeIgniter.php(354): CodeIgniter\CodeIgniter->handleRequest(NULL, Object(Config\Cache), false)
#8 /opt/homebrew/var/www/laycms/system/Boot.php(363): CodeIgniter\CodeIgniter->run()
#9 /opt/homebrew/var/www/laycms/system/Boot.php(68): CodeIgniter\Boot::runCodeIgniter(Object(CodeIgniter\CodeIgniter))
#10 /opt/homebrew/var/www/laycms/index.php(59): CodeIgniter\Boot::bootWeb(Object(Config\Paths))
#11 {main}
ERROR - 2025-07-31 23:13:42 --> mysqli_sql_exception: Cannot add or update a child row: a foreign key constraint fails (`laycms`.`usr_lesson`, CONSTRAINT `student_id` FOREIGN KEY (`student_id`) REFERENCES `usr_student` (`id`)) in /opt/homebrew/var/www/laycms/system/Database/MySQLi/Connection.php:327
Stack trace:
#0 /opt/homebrew/var/www/laycms/system/Database/MySQLi/Connection.php(327): mysqli->query('UPDATE `usr_les...', 0)
#1 /opt/homebrew/var/www/laycms/system/Database/BaseConnection.php(729): CodeIgniter\Database\MySQLi\Connection->execute('UPDATE `usr_les...')
#2 /opt/homebrew/var/www/laycms/system/Database/BaseConnection.php(646): CodeIgniter\Database\BaseConnection->simpleQuery('UPDATE `usr_les...')
#3 /opt/homebrew/var/www/laycms/system/Database/BaseBuilder.php(2521): CodeIgniter\Database\BaseConnection->query('UPDATE `usr_les...', Array, false)
#4 /opt/homebrew/var/www/laycms/app/Controllers/Model.php(64): CodeIgniter\Database\BaseBuilder->update(Array)
#5 /opt/homebrew/var/www/laycms/system/CodeIgniter.php(933): App\Controllers\Model->rowUpdate('usr_lesson', '1')
#6 /opt/homebrew/var/www/laycms/system/CodeIgniter.php(507): CodeIgniter\CodeIgniter->runController(Object(App\Controllers\Model))
#7 /opt/homebrew/var/www/laycms/system/CodeIgniter.php(354): CodeIgniter\CodeIgniter->handleRequest(NULL, Object(Config\Cache), false)
#8 /opt/homebrew/var/www/laycms/system/Boot.php(363): CodeIgniter\CodeIgniter->run()
#9 /opt/homebrew/var/www/laycms/system/Boot.php(68): CodeIgniter\Boot::runCodeIgniter(Object(CodeIgniter\CodeIgniter))
#10 /opt/homebrew/var/www/laycms/index.php(59): CodeIgniter\Boot::bootWeb(Object(Config\Paths))
#11 {main}
ERROR - 2025-07-31 23:13:45 --> mysqli_sql_exception: Cannot add or update a child row: a foreign key constraint fails (`laycms`.`usr_lesson`, CONSTRAINT `student_id` FOREIGN KEY (`student_id`) REFERENCES `usr_student` (`id`)) in /opt/homebrew/var/www/laycms/system/Database/MySQLi/Connection.php:327
Stack trace:
#0 /opt/homebrew/var/www/laycms/system/Database/MySQLi/Connection.php(327): mysqli->query('UPDATE `usr_les...', 0)
#1 /opt/homebrew/var/www/laycms/system/Database/BaseConnection.php(729): CodeIgniter\Database\MySQLi\Connection->execute('UPDATE `usr_les...')
#2 /opt/homebrew/var/www/laycms/system/Database/BaseConnection.php(646): CodeIgniter\Database\BaseConnection->simpleQuery('UPDATE `usr_les...')
#3 /opt/homebrew/var/www/laycms/system/Database/BaseBuilder.php(2521): CodeIgniter\Database\BaseConnection->query('UPDATE `usr_les...', Array, false)
#4 /opt/homebrew/var/www/laycms/app/Controllers/Model.php(64): CodeIgniter\Database\BaseBuilder->update(Array)
#5 /opt/homebrew/var/www/laycms/system/CodeIgniter.php(933): App\Controllers\Model->rowUpdate('usr_lesson', '1')
#6 /opt/homebrew/var/www/laycms/system/CodeIgniter.php(507): CodeIgniter\CodeIgniter->runController(Object(App\Controllers\Model))
#7 /opt/homebrew/var/www/laycms/system/CodeIgniter.php(354): CodeIgniter\CodeIgniter->handleRequest(NULL, Object(Config\Cache), false)
#8 /opt/homebrew/var/www/laycms/system/Boot.php(363): CodeIgniter\CodeIgniter->run()
#9 /opt/homebrew/var/www/laycms/system/Boot.php(68): CodeIgniter\Boot::runCodeIgniter(Object(CodeIgniter\CodeIgniter))
#10 /opt/homebrew/var/www/laycms/index.php(59): CodeIgniter\Boot::bootWeb(Object(Config\Paths))
#11 {main}
ERROR - 2025-07-31 23:13:49 --> mysqli_sql_exception: Cannot add or update a child row: a foreign key constraint fails (`laycms`.`usr_lesson`, CONSTRAINT `student_id` FOREIGN KEY (`student_id`) REFERENCES `usr_student` (`id`)) in /opt/homebrew/var/www/laycms/system/Database/MySQLi/Connection.php:327
Stack trace:
#0 /opt/homebrew/var/www/laycms/system/Database/MySQLi/Connection.php(327): mysqli->query('UPDATE `usr_les...', 0)
#1 /opt/homebrew/var/www/laycms/system/Database/BaseConnection.php(729): CodeIgniter\Database\MySQLi\Connection->execute('UPDATE `usr_les...')
#2 /opt/homebrew/var/www/laycms/system/Database/BaseConnection.php(646): CodeIgniter\Database\BaseConnection->simpleQuery('UPDATE `usr_les...')
#3 /opt/homebrew/var/www/laycms/system/Database/BaseBuilder.php(2521): CodeIgniter\Database\BaseConnection->query('UPDATE `usr_les...', Array, false)
#4 /opt/homebrew/var/www/laycms/app/Controllers/Model.php(64): CodeIgniter\Database\BaseBuilder->update(Array)
#5 /opt/homebrew/var/www/laycms/system/CodeIgniter.php(933): App\Controllers\Model->rowUpdate('usr_lesson', '1')
#6 /opt/homebrew/var/www/laycms/system/CodeIgniter.php(507): CodeIgniter\CodeIgniter->runController(Object(App\Controllers\Model))
#7 /opt/homebrew/var/www/laycms/system/CodeIgniter.php(354): CodeIgniter\CodeIgniter->handleRequest(NULL, Object(Config\Cache), false)
#8 /opt/homebrew/var/www/laycms/system/Boot.php(363): CodeIgniter\CodeIgniter->run()
#9 /opt/homebrew/var/www/laycms/system/Boot.php(68): CodeIgniter\Boot::runCodeIgniter(Object(CodeIgniter\CodeIgniter))
#10 /opt/homebrew/var/www/laycms/index.php(59): CodeIgniter\Boot::bootWeb(Object(Config\Paths))
#11 {main}
ERROR - 2025-07-31 23:16:06 --> mysqli_sql_exception: Cannot add or update a child row: a foreign key constraint fails (`laycms`.`usr_lesson`, CONSTRAINT `student_id` FOREIGN KEY (`student_id`) REFERENCES `usr_student` (`id`)) in /opt/homebrew/var/www/laycms/system/Database/MySQLi/Connection.php:327
Stack trace:
#0 /opt/homebrew/var/www/laycms/system/Database/MySQLi/Connection.php(327): mysqli->query('UPDATE `usr_les...', 0)
#1 /opt/homebrew/var/www/laycms/system/Database/BaseConnection.php(729): CodeIgniter\Database\MySQLi\Connection->execute('UPDATE `usr_les...')
#2 /opt/homebrew/var/www/laycms/system/Database/BaseConnection.php(646): CodeIgniter\Database\BaseConnection->simpleQuery('UPDATE `usr_les...')
#3 /opt/homebrew/var/www/laycms/system/Database/BaseBuilder.php(2521): CodeIgniter\Database\BaseConnection->query('UPDATE `usr_les...', Array, false)
#4 /opt/homebrew/var/www/laycms/app/Controllers/Model.php(64): CodeIgniter\Database\BaseBuilder->update(Array)
#5 /opt/homebrew/var/www/laycms/system/CodeIgniter.php(933): App\Controllers\Model->rowUpdate('usr_lesson', '1')
#6 /opt/homebrew/var/www/laycms/system/CodeIgniter.php(507): CodeIgniter\CodeIgniter->runController(Object(App\Controllers\Model))
#7 /opt/homebrew/var/www/laycms/system/CodeIgniter.php(354): CodeIgniter\CodeIgniter->handleRequest(NULL, Object(Config\Cache), false)
#8 /opt/homebrew/var/www/laycms/system/Boot.php(363): CodeIgniter\CodeIgniter->run()
#9 /opt/homebrew/var/www/laycms/system/Boot.php(68): CodeIgniter\Boot::runCodeIgniter(Object(CodeIgniter\CodeIgniter))
#10 /opt/homebrew/var/www/laycms/index.php(59): CodeIgniter\Boot::bootWeb(Object(Config\Paths))
#11 {main}
ERROR - 2025-07-31 23:16:10 --> mysqli_sql_exception: Cannot add or update a child row: a foreign key constraint fails (`laycms`.`usr_lesson`, CONSTRAINT `student_id` FOREIGN KEY (`student_id`) REFERENCES `usr_student` (`id`)) in /opt/homebrew/var/www/laycms/system/Database/MySQLi/Connection.php:327
Stack trace:
#0 /opt/homebrew/var/www/laycms/system/Database/MySQLi/Connection.php(327): mysqli->query('UPDATE `usr_les...', 0)
#1 /opt/homebrew/var/www/laycms/system/Database/BaseConnection.php(729): CodeIgniter\Database\MySQLi\Connection->execute('UPDATE `usr_les...')
#2 /opt/homebrew/var/www/laycms/system/Database/BaseConnection.php(646): CodeIgniter\Database\BaseConnection->simpleQuery('UPDATE `usr_les...')
#3 /opt/homebrew/var/www/laycms/system/Database/BaseBuilder.php(2521): CodeIgniter\Database\BaseConnection->query('UPDATE `usr_les...', Array, false)
#4 /opt/homebrew/var/www/laycms/app/Controllers/Model.php(64): CodeIgniter\Database\BaseBuilder->update(Array)
#5 /opt/homebrew/var/www/laycms/system/CodeIgniter.php(933): App\Controllers\Model->rowUpdate('usr_lesson', '1')
#6 /opt/homebrew/var/www/laycms/system/CodeIgniter.php(507): CodeIgniter\CodeIgniter->runController(Object(App\Controllers\Model))
#7 /opt/homebrew/var/www/laycms/system/CodeIgniter.php(354): CodeIgniter\CodeIgniter->handleRequest(NULL, Object(Config\Cache), false)
#8 /opt/homebrew/var/www/laycms/system/Boot.php(363): CodeIgniter\CodeIgniter->run()
#9 /opt/homebrew/var/www/laycms/system/Boot.php(68): CodeIgniter\Boot::runCodeIgniter(Object(CodeIgniter\CodeIgniter))
#10 /opt/homebrew/var/www/laycms/index.php(59): CodeIgniter\Boot::bootWeb(Object(Config\Paths))
#11 {main}
ERROR - 2025-07-31 23:17:16 --> mysqli_sql_exception: Cannot add or update a child row: a foreign key constraint fails (`laycms`.`usr_lesson`, CONSTRAINT `student_id` FOREIGN KEY (`student_id`) REFERENCES `usr_student` (`id`)) in /opt/homebrew/var/www/laycms/system/Database/MySQLi/Connection.php:327
Stack trace:
#0 /opt/homebrew/var/www/laycms/system/Database/MySQLi/Connection.php(327): mysqli->query('UPDATE `usr_les...', 0)
#1 /opt/homebrew/var/www/laycms/system/Database/BaseConnection.php(729): CodeIgniter\Database\MySQLi\Connection->execute('UPDATE `usr_les...')
#2 /opt/homebrew/var/www/laycms/system/Database/BaseConnection.php(646): CodeIgniter\Database\BaseConnection->simpleQuery('UPDATE `usr_les...')
#3 /opt/homebrew/var/www/laycms/system/Database/BaseBuilder.php(2521): CodeIgniter\Database\BaseConnection->query('UPDATE `usr_les...', Array, false)
#4 /opt/homebrew/var/www/laycms/app/Controllers/Model.php(64): CodeIgniter\Database\BaseBuilder->update(Array)
#5 /opt/homebrew/var/www/laycms/system/CodeIgniter.php(933): App\Controllers\Model->rowUpdate('usr_lesson', '1')
#6 /opt/homebrew/var/www/laycms/system/CodeIgniter.php(507): CodeIgniter\CodeIgniter->runController(Object(App\Controllers\Model))
#7 /opt/homebrew/var/www/laycms/system/CodeIgniter.php(354): CodeIgniter\CodeIgniter->handleRequest(NULL, Object(Config\Cache), false)
#8 /opt/homebrew/var/www/laycms/system/Boot.php(363): CodeIgniter\CodeIgniter->run()
#9 /opt/homebrew/var/www/laycms/system/Boot.php(68): CodeIgniter\Boot::runCodeIgniter(Object(CodeIgniter\CodeIgniter))
#10 /opt/homebrew/var/www/laycms/index.php(59): CodeIgniter\Boot::bootWeb(Object(Config\Paths))
#11 {main}
