ERROR - 2025-08-01 01:21:44 --> mysqli_sql_exception: Cannot add or update a child row: a foreign key constraint fails (`laycms`.`usr_lesson`, CONSTRAINT `student_id` FOREIGN KEY (`student_id`) REFERENCES `usr_student` (`id`)) in /opt/homebrew/var/www/laycms/system/Database/MySQLi/Connection.php:327
Stack trace:
#0 /opt/homebrew/var/www/laycms/system/Database/MySQLi/Connection.php(327): mysqli->query('UPDATE `usr_les...', 0)
#1 /opt/homebrew/var/www/laycms/system/Database/BaseConnection.php(729): CodeIgniter\Database\MySQLi\Connection->execute('UPDATE `usr_les...')
#2 /opt/homebrew/var/www/laycms/system/Database/BaseConnection.php(646): CodeIgniter\Database\BaseConnection->simpleQuery('UPDATE `usr_les...')
#3 /opt/homebrew/var/www/laycms/system/Database/BaseBuilder.php(2521): CodeIgniter\Database\BaseConnection->query('UPDATE `usr_les...', Array, false)
#4 /opt/homebrew/var/www/laycms/app/Controllers/Model.php(64): CodeIgniter\Database\BaseBuilder->update(Array)
#5 /opt/homebrew/var/www/laycms/system/CodeIgniter.php(933): App\Controllers\Model->rowUpdate('usr_lesson', '1')
#6 /opt/homebrew/var/www/laycms/system/CodeIgniter.php(507): CodeIgniter\CodeIgniter->runController(Object(App\Controllers\Model))
#7 /opt/homebrew/var/www/laycms/system/CodeIgniter.php(354): CodeIgniter\CodeIgniter->handleRequest(NULL, Object(Config\Cache), false)
#8 /opt/homebrew/var/www/laycms/system/Boot.php(363): CodeIgniter\CodeIgniter->run()
#9 /opt/homebrew/var/www/laycms/system/Boot.php(68): CodeIgniter\Boot::runCodeIgniter(Object(CodeIgniter\CodeIgniter))
#10 /opt/homebrew/var/www/laycms/index.php(59): CodeIgniter\Boot::bootWeb(Object(Config\Paths))
#11 {main}
ERROR - 2025-08-01 01:21:48 --> mysqli_sql_exception: Cannot add or update a child row: a foreign key constraint fails (`laycms`.`usr_lesson`, CONSTRAINT `student_id` FOREIGN KEY (`student_id`) REFERENCES `usr_student` (`id`)) in /opt/homebrew/var/www/laycms/system/Database/MySQLi/Connection.php:327
Stack trace:
#0 /opt/homebrew/var/www/laycms/system/Database/MySQLi/Connection.php(327): mysqli->query('UPDATE `usr_les...', 0)
#1 /opt/homebrew/var/www/laycms/system/Database/BaseConnection.php(729): CodeIgniter\Database\MySQLi\Connection->execute('UPDATE `usr_les...')
#2 /opt/homebrew/var/www/laycms/system/Database/BaseConnection.php(646): CodeIgniter\Database\BaseConnection->simpleQuery('UPDATE `usr_les...')
#3 /opt/homebrew/var/www/laycms/system/Database/BaseBuilder.php(2521): CodeIgniter\Database\BaseConnection->query('UPDATE `usr_les...', Array, false)
#4 /opt/homebrew/var/www/laycms/app/Controllers/Model.php(64): CodeIgniter\Database\BaseBuilder->update(Array)
#5 /opt/homebrew/var/www/laycms/system/CodeIgniter.php(933): App\Controllers\Model->rowUpdate('usr_lesson', '1')
#6 /opt/homebrew/var/www/laycms/system/CodeIgniter.php(507): CodeIgniter\CodeIgniter->runController(Object(App\Controllers\Model))
#7 /opt/homebrew/var/www/laycms/system/CodeIgniter.php(354): CodeIgniter\CodeIgniter->handleRequest(NULL, Object(Config\Cache), false)
#8 /opt/homebrew/var/www/laycms/system/Boot.php(363): CodeIgniter\CodeIgniter->run()
#9 /opt/homebrew/var/www/laycms/system/Boot.php(68): CodeIgniter\Boot::runCodeIgniter(Object(CodeIgniter\CodeIgniter))
#10 /opt/homebrew/var/www/laycms/index.php(59): CodeIgniter\Boot::bootWeb(Object(Config\Paths))
#11 {main}
