ERROR - 2025-08-06 07:53:17 --> mysqli_sql_exception: Cannot add or update a child row: a foreign key constraint fails (`laycms`.`usr_lesson`, CONSTRAINT `student_id` FOREIGN KEY (`student_id`) REFERENCES `usr_student` (`id`)) in /opt/homebrew/var/www/laycms/system/Database/MySQLi/Connection.php:327
Stack trace:
#0 /opt/homebrew/var/www/laycms/system/Database/MySQLi/Connection.php(327): mysqli->query('UPDATE `usr_les...', 0)
#1 /opt/homebrew/var/www/laycms/system/Database/BaseConnection.php(729): CodeIgniter\Database\MySQLi\Connection->execute('UPDATE `usr_les...')
#2 /opt/homebrew/var/www/laycms/system/Database/BaseConnection.php(646): CodeIgniter\Database\BaseConnection->simpleQuery('UPDATE `usr_les...')
#3 /opt/homebrew/var/www/laycms/system/Database/BaseBuilder.php(2521): CodeIgniter\Database\BaseConnection->query('UPDATE `usr_les...', Array, false)
#4 /opt/homebrew/var/www/laycms/app/Controllers/Model.php(64): CodeIgniter\Database\BaseBuilder->update(Array)
#5 /opt/homebrew/var/www/laycms/system/CodeIgniter.php(933): App\Controllers\Model->rowUpdate('usr_lesson', '1')
#6 /opt/homebrew/var/www/laycms/system/CodeIgniter.php(507): CodeIgniter\CodeIgniter->runController(Object(App\Controllers\Model))
#7 /opt/homebrew/var/www/laycms/system/CodeIgniter.php(354): CodeIgniter\CodeIgniter->handleRequest(NULL, Object(Config\Cache), false)
#8 /opt/homebrew/var/www/laycms/system/Boot.php(363): CodeIgniter\CodeIgniter->run()
#9 /opt/homebrew/var/www/laycms/system/Boot.php(68): CodeIgniter\Boot::runCodeIgniter(Object(CodeIgniter\CodeIgniter))
#10 /opt/homebrew/var/www/laycms/index.php(59): CodeIgniter\Boot::bootWeb(Object(Config\Paths))
#11 {main}
ERROR - 2025-08-06 09:31:04 --> mysqli_sql_exception: Unknown column 'K.REFERENCED_TABLE_NAMEE' in 'where clause' in /opt/homebrew/var/www/laycms/system/Database/MySQLi/Connection.php:327
Stack trace:
#0 /opt/homebrew/var/www/laycms/system/Database/MySQLi/Connection.php(327): mysqli->query('SELECT\n  C.COLU...', 0)
#1 /opt/homebrew/var/www/laycms/system/Database/BaseConnection.php(729): CodeIgniter\Database\MySQLi\Connection->execute('SELECT\n  C.COLU...')
#2 /opt/homebrew/var/www/laycms/system/Database/BaseConnection.php(646): CodeIgniter\Database\BaseConnection->simpleQuery('SELECT\n  C.COLU...')
#3 /opt/homebrew/var/www/laycms/app/Controllers/Model.php(206): CodeIgniter\Database\BaseConnection->query('SELECT\n  C.COLU...')
#4 /opt/homebrew/var/www/laycms/app/Controllers/Model.php(26): App\Controllers\Model->modelFields('usr_student')
#5 /opt/homebrew/var/www/laycms/system/CodeIgniter.php(933): App\Controllers\Model->data('usr_student')
#6 /opt/homebrew/var/www/laycms/system/CodeIgniter.php(507): CodeIgniter\CodeIgniter->runController(Object(App\Controllers\Model))
#7 /opt/homebrew/var/www/laycms/system/CodeIgniter.php(354): CodeIgniter\CodeIgniter->handleRequest(NULL, Object(Config\Cache), false)
#8 /opt/homebrew/var/www/laycms/system/Boot.php(363): CodeIgniter\CodeIgniter->run()
#9 /opt/homebrew/var/www/laycms/system/Boot.php(68): CodeIgniter\Boot::runCodeIgniter(Object(CodeIgniter\CodeIgniter))
#10 /opt/homebrew/var/www/laycms/index.php(59): CodeIgniter\Boot::bootWeb(Object(Config\Paths))
#11 {main}
CRITICAL - 2025-08-06 09:31:04 --> CodeIgniter\Database\Exceptions\DatabaseException: Unknown column 'K.REFERENCED_TABLE_NAMEE' in 'where clause'
[Method: GET, Route: model/data/usr_student]
in SYSTEMPATH/Database/BaseConnection.php on line 684.
 1 APPPATH/Controllers/Model.php(206): CodeIgniter\Database\BaseConnection->query('SELECT
  C.COLUMN_NAME as field,
  C.COLUMN_COMMENT,
  C.COLUMN_KEY,
  left(C.COLUMN_COMMENT, locate(\'[\', C.COLUMN_COMMENT) -1) as title,
  \'100\' as width,
  K.REFERENCED_TABLE_NAME as priTab,
  K.REFERENCED_COLUMN_NAME as priTabKey
FROM
  INFORMATION_SCHEMA.COLUMNS C
left JOIN information_schema.KEY_COLUMN_USAGE K
ON C.COLUMN_NAME=K.CONSTRAINT_NAME
WHERE
  C.TABLE_SCHEMA = \'laycms\'
  AND C.TABLE_NAME = \'usr_student\'
  AND K.REFERENCED_TABLE_NAMEE <> \'usr_student\'
order by
  C.ordinal_position asc')
 2 APPPATH/Controllers/Model.php(26): App\Controllers\Model->modelFields('usr_student')
 3 SYSTEMPATH/CodeIgniter.php(933): App\Controllers\Model->data('usr_student')
 4 SYSTEMPATH/CodeIgniter.php(507): CodeIgniter\CodeIgniter->runController(Object(App\Controllers\Model))
 5 SYSTEMPATH/CodeIgniter.php(354): CodeIgniter\CodeIgniter->handleRequest(null, Object(Config\Cache), false)
 6 SYSTEMPATH/Boot.php(363): CodeIgniter\CodeIgniter->run()
 7 SYSTEMPATH/Boot.php(68): CodeIgniter\Boot::runCodeIgniter(Object(CodeIgniter\CodeIgniter))
 8 FCPATH/index.php(59): CodeIgniter\Boot::bootWeb(Object(Config\Paths))
CRITICAL - 2025-08-06 09:31:04 --> [Caused by] CodeIgniter\Database\Exceptions\DatabaseException: Unknown column 'K.REFERENCED_TABLE_NAMEE' in 'where clause'
in SYSTEMPATH/Database/MySQLi/Connection.php on line 332.
 1 SYSTEMPATH/Database/BaseConnection.php(729): CodeIgniter\Database\MySQLi\Connection->execute('SELECT
  C.COLUMN_NAME as field,
  C.COLUMN_COMMENT,
  C.COLUMN_KEY,
  left(C.COLUMN_COMMENT, locate(\'[\', C.COLUMN_COMMENT) -1) as title,
  \'100\' as width,
  K.REFERENCED_TABLE_NAME as priTab,
  K.REFERENCED_COLUMN_NAME as priTabKey
FROM
  INFORMATION_SCHEMA.COLUMNS C
left JOIN information_schema.KEY_COLUMN_USAGE K
ON C.COLUMN_NAME=K.CONSTRAINT_NAME
WHERE
  C.TABLE_SCHEMA = \'laycms\'
  AND C.TABLE_NAME = \'usr_student\'
  AND K.REFERENCED_TABLE_NAMEE <> \'usr_student\'
order by
  C.ordinal_position asc')
 2 SYSTEMPATH/Database/BaseConnection.php(646): CodeIgniter\Database\BaseConnection->simpleQuery('SELECT
  C.COLUMN_NAME as field,
  C.COLUMN_COMMENT,
  C.COLUMN_KEY,
  left(C.COLUMN_COMMENT, locate(\'[\', C.COLUMN_COMMENT) -1) as title,
  \'100\' as width,
  K.REFERENCED_TABLE_NAME as priTab,
  K.REFERENCED_COLUMN_NAME as priTabKey
FROM
  INFORMATION_SCHEMA.COLUMNS C
left JOIN information_schema.KEY_COLUMN_USAGE K
ON C.COLUMN_NAME=K.CONSTRAINT_NAME
WHERE
  C.TABLE_SCHEMA = \'laycms\'
  AND C.TABLE_NAME = \'usr_student\'
  AND K.REFERENCED_TABLE_NAMEE <> \'usr_student\'
order by
  C.ordinal_position asc')
 3 APPPATH/Controllers/Model.php(206): CodeIgniter\Database\BaseConnection->query('SELECT
  C.COLUMN_NAME as field,
  C.COLUMN_COMMENT,
  C.COLUMN_KEY,
  left(C.COLUMN_COMMENT, locate(\'[\', C.COLUMN_COMMENT) -1) as title,
  \'100\' as width,
  K.REFERENCED_TABLE_NAME as priTab,
  K.REFERENCED_COLUMN_NAME as priTabKey
FROM
  INFORMATION_SCHEMA.COLUMNS C
left JOIN information_schema.KEY_COLUMN_USAGE K
ON C.COLUMN_NAME=K.CONSTRAINT_NAME
WHERE
  C.TABLE_SCHEMA = \'laycms\'
  AND C.TABLE_NAME = \'usr_student\'
  AND K.REFERENCED_TABLE_NAMEE <> \'usr_student\'
order by
  C.ordinal_position asc')
 4 APPPATH/Controllers/Model.php(26): App\Controllers\Model->modelFields('usr_student')
 5 SYSTEMPATH/CodeIgniter.php(933): App\Controllers\Model->data('usr_student')
 6 SYSTEMPATH/CodeIgniter.php(507): CodeIgniter\CodeIgniter->runController(Object(App\Controllers\Model))
 7 SYSTEMPATH/CodeIgniter.php(354): CodeIgniter\CodeIgniter->handleRequest(null, Object(Config\Cache), false)
 8 SYSTEMPATH/Boot.php(363): CodeIgniter\CodeIgniter->run()
 9 SYSTEMPATH/Boot.php(68): CodeIgniter\Boot::runCodeIgniter(Object(CodeIgniter\CodeIgniter))
10 FCPATH/index.php(59): CodeIgniter\Boot::bootWeb(Object(Config\Paths))
CRITICAL - 2025-08-06 09:31:04 --> [Caused by] mysqli_sql_exception: Unknown column 'K.REFERENCED_TABLE_NAMEE' in 'where clause'
in SYSTEMPATH/Database/MySQLi/Connection.php on line 327.
 1 SYSTEMPATH/Database/MySQLi/Connection.php(327): mysqli->query('SELECT
  C.COLUMN_NAME as field,
  C.COLUMN_COMMENT,
  C.COLUMN_KEY,
  left(C.COLUMN_COMMENT, locate(\'[\', C.COLUMN_COMMENT) -1) as title,
  \'100\' as width,
  K.REFERENCED_TABLE_NAME as priTab,
  K.REFERENCED_COLUMN_NAME as priTabKey
FROM
  INFORMATION_SCHEMA.COLUMNS C
left JOIN information_schema.KEY_COLUMN_USAGE K
ON C.COLUMN_NAME=K.CONSTRAINT_NAME
WHERE
  C.TABLE_SCHEMA = \'laycms\'
  AND C.TABLE_NAME = \'usr_student\'
  AND K.REFERENCED_TABLE_NAMEE <> \'usr_student\'
order by
  C.ordinal_position asc', 0)
 2 SYSTEMPATH/Database/BaseConnection.php(729): CodeIgniter\Database\MySQLi\Connection->execute('SELECT
  C.COLUMN_NAME as field,
  C.COLUMN_COMMENT,
  C.COLUMN_KEY,
  left(C.COLUMN_COMMENT, locate(\'[\', C.COLUMN_COMMENT) -1) as title,
  \'100\' as width,
  K.REFERENCED_TABLE_NAME as priTab,
  K.REFERENCED_COLUMN_NAME as priTabKey
FROM
  INFORMATION_SCHEMA.COLUMNS C
left JOIN information_schema.KEY_COLUMN_USAGE K
ON C.COLUMN_NAME=K.CONSTRAINT_NAME
WHERE
  C.TABLE_SCHEMA = \'laycms\'
  AND C.TABLE_NAME = \'usr_student\'
  AND K.REFERENCED_TABLE_NAMEE <> \'usr_student\'
order by
  C.ordinal_position asc')
 3 SYSTEMPATH/Database/BaseConnection.php(646): CodeIgniter\Database\BaseConnection->simpleQuery('SELECT
  C.COLUMN_NAME as field,
  C.COLUMN_COMMENT,
  C.COLUMN_KEY,
  left(C.COLUMN_COMMENT, locate(\'[\', C.COLUMN_COMMENT) -1) as title,
  \'100\' as width,
  K.REFERENCED_TABLE_NAME as priTab,
  K.REFERENCED_COLUMN_NAME as priTabKey
FROM
  INFORMATION_SCHEMA.COLUMNS C
left JOIN information_schema.KEY_COLUMN_USAGE K
ON C.COLUMN_NAME=K.CONSTRAINT_NAME
WHERE
  C.TABLE_SCHEMA = \'laycms\'
  AND C.TABLE_NAME = \'usr_student\'
  AND K.REFERENCED_TABLE_NAMEE <> \'usr_student\'
order by
  C.ordinal_position asc')
 4 APPPATH/Controllers/Model.php(206): CodeIgniter\Database\BaseConnection->query('SELECT
  C.COLUMN_NAME as field,
  C.COLUMN_COMMENT,
  C.COLUMN_KEY,
  left(C.COLUMN_COMMENT, locate(\'[\', C.COLUMN_COMMENT) -1) as title,
  \'100\' as width,
  K.REFERENCED_TABLE_NAME as priTab,
  K.REFERENCED_COLUMN_NAME as priTabKey
FROM
  INFORMATION_SCHEMA.COLUMNS C
left JOIN information_schema.KEY_COLUMN_USAGE K
ON C.COLUMN_NAME=K.CONSTRAINT_NAME
WHERE
  C.TABLE_SCHEMA = \'laycms\'
  AND C.TABLE_NAME = \'usr_student\'
  AND K.REFERENCED_TABLE_NAMEE <> \'usr_student\'
order by
  C.ordinal_position asc')
 5 APPPATH/Controllers/Model.php(26): App\Controllers\Model->modelFields('usr_student')
 6 SYSTEMPATH/CodeIgniter.php(933): App\Controllers\Model->data('usr_student')
 7 SYSTEMPATH/CodeIgniter.php(507): CodeIgniter\CodeIgniter->runController(Object(App\Controllers\Model))
 8 SYSTEMPATH/CodeIgniter.php(354): CodeIgniter\CodeIgniter->handleRequest(null, Object(Config\Cache), false)
 9 SYSTEMPATH/Boot.php(363): CodeIgniter\CodeIgniter->run()
10 SYSTEMPATH/Boot.php(68): CodeIgniter\Boot::runCodeIgniter(Object(CodeIgniter\CodeIgniter))
11 FCPATH/index.php(59): CodeIgniter\Boot::bootWeb(Object(Config\Paths))
ERROR - 2025-08-06 09:31:14 --> mysqli_sql_exception: Unknown column 'K.REFERENCED_TABLE_NAMEE' in 'where clause' in /opt/homebrew/var/www/laycms/system/Database/MySQLi/Connection.php:327
Stack trace:
#0 /opt/homebrew/var/www/laycms/system/Database/MySQLi/Connection.php(327): mysqli->query('SELECT\n  C.COLU...', 0)
#1 /opt/homebrew/var/www/laycms/system/Database/BaseConnection.php(729): CodeIgniter\Database\MySQLi\Connection->execute('SELECT\n  C.COLU...')
#2 /opt/homebrew/var/www/laycms/system/Database/BaseConnection.php(646): CodeIgniter\Database\BaseConnection->simpleQuery('SELECT\n  C.COLU...')
#3 /opt/homebrew/var/www/laycms/app/Controllers/Model.php(206): CodeIgniter\Database\BaseConnection->query('SELECT\n  C.COLU...')
#4 /opt/homebrew/var/www/laycms/app/Controllers/Model.php(26): App\Controllers\Model->modelFields('usr_student')
#5 /opt/homebrew/var/www/laycms/system/CodeIgniter.php(933): App\Controllers\Model->data('usr_student')
#6 /opt/homebrew/var/www/laycms/system/CodeIgniter.php(507): CodeIgniter\CodeIgniter->runController(Object(App\Controllers\Model))
#7 /opt/homebrew/var/www/laycms/system/CodeIgniter.php(354): CodeIgniter\CodeIgniter->handleRequest(NULL, Object(Config\Cache), false)
#8 /opt/homebrew/var/www/laycms/system/Boot.php(363): CodeIgniter\CodeIgniter->run()
#9 /opt/homebrew/var/www/laycms/system/Boot.php(68): CodeIgniter\Boot::runCodeIgniter(Object(CodeIgniter\CodeIgniter))
#10 /opt/homebrew/var/www/laycms/index.php(59): CodeIgniter\Boot::bootWeb(Object(Config\Paths))
#11 {main}
CRITICAL - 2025-08-06 09:31:14 --> CodeIgniter\Database\Exceptions\DatabaseException: Unknown column 'K.REFERENCED_TABLE_NAMEE' in 'where clause'
[Method: GET, Route: model/data/usr_student]
in SYSTEMPATH/Database/BaseConnection.php on line 684.
 1 APPPATH/Controllers/Model.php(206): CodeIgniter\Database\BaseConnection->query('SELECT
  C.COLUMN_NAME as field,
  C.COLUMN_COMMENT,
  C.COLUMN_KEY,
  left(C.COLUMN_COMMENT, locate(\'[\', C.COLUMN_COMMENT) -1) as title,
  \'100\' as width,
  K.REFERENCED_TABLE_NAME as priTab,
  K.REFERENCED_COLUMN_NAME as priTabKey
FROM
  INFORMATION_SCHEMA.COLUMNS C
left JOIN information_schema.KEY_COLUMN_USAGE K
ON C.COLUMN_NAME=K.CONSTRAINT_NAME
WHERE
  C.TABLE_SCHEMA = \'laycms\'
  AND C.TABLE_NAME = \'usr_student\'
  AND K.REFERENCED_TABLE_NAMEE <> \'usr_student\'
order by
  C.ordinal_position asc')
 2 APPPATH/Controllers/Model.php(26): App\Controllers\Model->modelFields('usr_student')
 3 SYSTEMPATH/CodeIgniter.php(933): App\Controllers\Model->data('usr_student')
 4 SYSTEMPATH/CodeIgniter.php(507): CodeIgniter\CodeIgniter->runController(Object(App\Controllers\Model))
 5 SYSTEMPATH/CodeIgniter.php(354): CodeIgniter\CodeIgniter->handleRequest(null, Object(Config\Cache), false)
 6 SYSTEMPATH/Boot.php(363): CodeIgniter\CodeIgniter->run()
 7 SYSTEMPATH/Boot.php(68): CodeIgniter\Boot::runCodeIgniter(Object(CodeIgniter\CodeIgniter))
 8 FCPATH/index.php(59): CodeIgniter\Boot::bootWeb(Object(Config\Paths))
CRITICAL - 2025-08-06 09:31:14 --> [Caused by] CodeIgniter\Database\Exceptions\DatabaseException: Unknown column 'K.REFERENCED_TABLE_NAMEE' in 'where clause'
in SYSTEMPATH/Database/MySQLi/Connection.php on line 332.
 1 SYSTEMPATH/Database/BaseConnection.php(729): CodeIgniter\Database\MySQLi\Connection->execute('SELECT
  C.COLUMN_NAME as field,
  C.COLUMN_COMMENT,
  C.COLUMN_KEY,
  left(C.COLUMN_COMMENT, locate(\'[\', C.COLUMN_COMMENT) -1) as title,
  \'100\' as width,
  K.REFERENCED_TABLE_NAME as priTab,
  K.REFERENCED_COLUMN_NAME as priTabKey
FROM
  INFORMATION_SCHEMA.COLUMNS C
left JOIN information_schema.KEY_COLUMN_USAGE K
ON C.COLUMN_NAME=K.CONSTRAINT_NAME
WHERE
  C.TABLE_SCHEMA = \'laycms\'
  AND C.TABLE_NAME = \'usr_student\'
  AND K.REFERENCED_TABLE_NAMEE <> \'usr_student\'
order by
  C.ordinal_position asc')
 2 SYSTEMPATH/Database/BaseConnection.php(646): CodeIgniter\Database\BaseConnection->simpleQuery('SELECT
  C.COLUMN_NAME as field,
  C.COLUMN_COMMENT,
  C.COLUMN_KEY,
  left(C.COLUMN_COMMENT, locate(\'[\', C.COLUMN_COMMENT) -1) as title,
  \'100\' as width,
  K.REFERENCED_TABLE_NAME as priTab,
  K.REFERENCED_COLUMN_NAME as priTabKey
FROM
  INFORMATION_SCHEMA.COLUMNS C
left JOIN information_schema.KEY_COLUMN_USAGE K
ON C.COLUMN_NAME=K.CONSTRAINT_NAME
WHERE
  C.TABLE_SCHEMA = \'laycms\'
  AND C.TABLE_NAME = \'usr_student\'
  AND K.REFERENCED_TABLE_NAMEE <> \'usr_student\'
order by
  C.ordinal_position asc')
 3 APPPATH/Controllers/Model.php(206): CodeIgniter\Database\BaseConnection->query('SELECT
  C.COLUMN_NAME as field,
  C.COLUMN_COMMENT,
  C.COLUMN_KEY,
  left(C.COLUMN_COMMENT, locate(\'[\', C.COLUMN_COMMENT) -1) as title,
  \'100\' as width,
  K.REFERENCED_TABLE_NAME as priTab,
  K.REFERENCED_COLUMN_NAME as priTabKey
FROM
  INFORMATION_SCHEMA.COLUMNS C
left JOIN information_schema.KEY_COLUMN_USAGE K
ON C.COLUMN_NAME=K.CONSTRAINT_NAME
WHERE
  C.TABLE_SCHEMA = \'laycms\'
  AND C.TABLE_NAME = \'usr_student\'
  AND K.REFERENCED_TABLE_NAMEE <> \'usr_student\'
order by
  C.ordinal_position asc')
 4 APPPATH/Controllers/Model.php(26): App\Controllers\Model->modelFields('usr_student')
 5 SYSTEMPATH/CodeIgniter.php(933): App\Controllers\Model->data('usr_student')
 6 SYSTEMPATH/CodeIgniter.php(507): CodeIgniter\CodeIgniter->runController(Object(App\Controllers\Model))
 7 SYSTEMPATH/CodeIgniter.php(354): CodeIgniter\CodeIgniter->handleRequest(null, Object(Config\Cache), false)
 8 SYSTEMPATH/Boot.php(363): CodeIgniter\CodeIgniter->run()
 9 SYSTEMPATH/Boot.php(68): CodeIgniter\Boot::runCodeIgniter(Object(CodeIgniter\CodeIgniter))
10 FCPATH/index.php(59): CodeIgniter\Boot::bootWeb(Object(Config\Paths))
CRITICAL - 2025-08-06 09:31:14 --> [Caused by] mysqli_sql_exception: Unknown column 'K.REFERENCED_TABLE_NAMEE' in 'where clause'
in SYSTEMPATH/Database/MySQLi/Connection.php on line 327.
 1 SYSTEMPATH/Database/MySQLi/Connection.php(327): mysqli->query('SELECT
  C.COLUMN_NAME as field,
  C.COLUMN_COMMENT,
  C.COLUMN_KEY,
  left(C.COLUMN_COMMENT, locate(\'[\', C.COLUMN_COMMENT) -1) as title,
  \'100\' as width,
  K.REFERENCED_TABLE_NAME as priTab,
  K.REFERENCED_COLUMN_NAME as priTabKey
FROM
  INFORMATION_SCHEMA.COLUMNS C
left JOIN information_schema.KEY_COLUMN_USAGE K
ON C.COLUMN_NAME=K.CONSTRAINT_NAME
WHERE
  C.TABLE_SCHEMA = \'laycms\'
  AND C.TABLE_NAME = \'usr_student\'
  AND K.REFERENCED_TABLE_NAMEE <> \'usr_student\'
order by
  C.ordinal_position asc', 0)
 2 SYSTEMPATH/Database/BaseConnection.php(729): CodeIgniter\Database\MySQLi\Connection->execute('SELECT
  C.COLUMN_NAME as field,
  C.COLUMN_COMMENT,
  C.COLUMN_KEY,
  left(C.COLUMN_COMMENT, locate(\'[\', C.COLUMN_COMMENT) -1) as title,
  \'100\' as width,
  K.REFERENCED_TABLE_NAME as priTab,
  K.REFERENCED_COLUMN_NAME as priTabKey
FROM
  INFORMATION_SCHEMA.COLUMNS C
left JOIN information_schema.KEY_COLUMN_USAGE K
ON C.COLUMN_NAME=K.CONSTRAINT_NAME
WHERE
  C.TABLE_SCHEMA = \'laycms\'
  AND C.TABLE_NAME = \'usr_student\'
  AND K.REFERENCED_TABLE_NAMEE <> \'usr_student\'
order by
  C.ordinal_position asc')
 3 SYSTEMPATH/Database/BaseConnection.php(646): CodeIgniter\Database\BaseConnection->simpleQuery('SELECT
  C.COLUMN_NAME as field,
  C.COLUMN_COMMENT,
  C.COLUMN_KEY,
  left(C.COLUMN_COMMENT, locate(\'[\', C.COLUMN_COMMENT) -1) as title,
  \'100\' as width,
  K.REFERENCED_TABLE_NAME as priTab,
  K.REFERENCED_COLUMN_NAME as priTabKey
FROM
  INFORMATION_SCHEMA.COLUMNS C
left JOIN information_schema.KEY_COLUMN_USAGE K
ON C.COLUMN_NAME=K.CONSTRAINT_NAME
WHERE
  C.TABLE_SCHEMA = \'laycms\'
  AND C.TABLE_NAME = \'usr_student\'
  AND K.REFERENCED_TABLE_NAMEE <> \'usr_student\'
order by
  C.ordinal_position asc')
 4 APPPATH/Controllers/Model.php(206): CodeIgniter\Database\BaseConnection->query('SELECT
  C.COLUMN_NAME as field,
  C.COLUMN_COMMENT,
  C.COLUMN_KEY,
  left(C.COLUMN_COMMENT, locate(\'[\', C.COLUMN_COMMENT) -1) as title,
  \'100\' as width,
  K.REFERENCED_TABLE_NAME as priTab,
  K.REFERENCED_COLUMN_NAME as priTabKey
FROM
  INFORMATION_SCHEMA.COLUMNS C
left JOIN information_schema.KEY_COLUMN_USAGE K
ON C.COLUMN_NAME=K.CONSTRAINT_NAME
WHERE
  C.TABLE_SCHEMA = \'laycms\'
  AND C.TABLE_NAME = \'usr_student\'
  AND K.REFERENCED_TABLE_NAMEE <> \'usr_student\'
order by
  C.ordinal_position asc')
 5 APPPATH/Controllers/Model.php(26): App\Controllers\Model->modelFields('usr_student')
 6 SYSTEMPATH/CodeIgniter.php(933): App\Controllers\Model->data('usr_student')
 7 SYSTEMPATH/CodeIgniter.php(507): CodeIgniter\CodeIgniter->runController(Object(App\Controllers\Model))
 8 SYSTEMPATH/CodeIgniter.php(354): CodeIgniter\CodeIgniter->handleRequest(null, Object(Config\Cache), false)
 9 SYSTEMPATH/Boot.php(363): CodeIgniter\CodeIgniter->run()
10 SYSTEMPATH/Boot.php(68): CodeIgniter\Boot::runCodeIgniter(Object(CodeIgniter\CodeIgniter))
11 FCPATH/index.php(59): CodeIgniter\Boot::bootWeb(Object(Config\Paths))
ERROR - 2025-08-06 10:58:16 --> mysqli_sql_exception: Cannot delete or update a parent row: a foreign key constraint fails (`laycms`.`usr_lesson`, CONSTRAINT `student_name` FOREIGN KEY (`student_name`) REFERENCES `usr_student` (`student_name`) ON DELETE RESTRICT ON UPDATE RESTRICT) in /opt/homebrew/var/www/laycms/system/Database/MySQLi/Connection.php:327
Stack trace:
#0 /opt/homebrew/var/www/laycms/system/Database/MySQLi/Connection.php(327): mysqli->query('UPDATE `usr_stu...', 0)
#1 /opt/homebrew/var/www/laycms/system/Database/BaseConnection.php(729): CodeIgniter\Database\MySQLi\Connection->execute('UPDATE `usr_stu...')
#2 /opt/homebrew/var/www/laycms/system/Database/BaseConnection.php(646): CodeIgniter\Database\BaseConnection->simpleQuery('UPDATE `usr_stu...')
#3 /opt/homebrew/var/www/laycms/system/Database/BaseBuilder.php(2521): CodeIgniter\Database\BaseConnection->query('UPDATE `usr_stu...', Array, false)
#4 /opt/homebrew/var/www/laycms/app/Controllers/Model.php(66): CodeIgniter\Database\BaseBuilder->update(Array)
#5 /opt/homebrew/var/www/laycms/system/CodeIgniter.php(933): App\Controllers\Model->rowUpdate('usr_student', '210')
#6 /opt/homebrew/var/www/laycms/system/CodeIgniter.php(507): CodeIgniter\CodeIgniter->runController(Object(App\Controllers\Model))
#7 /opt/homebrew/var/www/laycms/system/CodeIgniter.php(354): CodeIgniter\CodeIgniter->handleRequest(NULL, Object(Config\Cache), false)
#8 /opt/homebrew/var/www/laycms/system/Boot.php(363): CodeIgniter\CodeIgniter->run()
#9 /opt/homebrew/var/www/laycms/system/Boot.php(68): CodeIgniter\Boot::runCodeIgniter(Object(CodeIgniter\CodeIgniter))
#10 /opt/homebrew/var/www/laycms/index.php(59): CodeIgniter\Boot::bootWeb(Object(Config\Paths))
#11 {main}
CRITICAL - 2025-08-06 11:42:38 --> CodeIgniter\HTTP\Exceptions\BadRequestException: The URI you submitted has disallowed characters: "<table class="
[Method: GET, Route: model/data/%3Ctable%20class=]
in SYSTEMPATH/Router/Router.php on line 741.
 1 SYSTEMPATH/Router/Router.php(207): CodeIgniter\Router\Router->checkDisallowedChars('model/data/<table class=')
 2 SYSTEMPATH/CodeIgniter.php(832): CodeIgniter\Router\Router->handle('model/data/<table class=')
 3 SYSTEMPATH/CodeIgniter.php(455): CodeIgniter\CodeIgniter->tryToRouteIt(Object(CodeIgniter\Router\RouteCollection))
 4 SYSTEMPATH/CodeIgniter.php(354): CodeIgniter\CodeIgniter->handleRequest(null, Object(Config\Cache), false)
 5 SYSTEMPATH/Boot.php(363): CodeIgniter\CodeIgniter->run()
 6 SYSTEMPATH/Boot.php(68): CodeIgniter\Boot::runCodeIgniter(Object(CodeIgniter\CodeIgniter))
 7 FCPATH/index.php(59): CodeIgniter\Boot::bootWeb(Object(Config\Paths))
ERROR - 2025-08-06 12:18:25 --> mysqli_sql_exception: Cannot add or update a child row: a foreign key constraint fails (`laycms`.`usr_lesson`, CONSTRAINT `student_id` FOREIGN KEY (`student_id`) REFERENCES `usr_student` (`id`)) in /opt/homebrew/var/www/laycms/system/Database/MySQLi/Connection.php:327
Stack trace:
#0 /opt/homebrew/var/www/laycms/system/Database/MySQLi/Connection.php(327): mysqli->query('UPDATE `usr_les...', 0)
#1 /opt/homebrew/var/www/laycms/system/Database/BaseConnection.php(729): CodeIgniter\Database\MySQLi\Connection->execute('UPDATE `usr_les...')
#2 /opt/homebrew/var/www/laycms/system/Database/BaseConnection.php(646): CodeIgniter\Database\BaseConnection->simpleQuery('UPDATE `usr_les...')
#3 /opt/homebrew/var/www/laycms/system/Database/BaseBuilder.php(2521): CodeIgniter\Database\BaseConnection->query('UPDATE `usr_les...', Array, false)
#4 /opt/homebrew/var/www/laycms/app/Controllers/Model.php(66): CodeIgniter\Database\BaseBuilder->update(Array)
#5 /opt/homebrew/var/www/laycms/system/CodeIgniter.php(933): App\Controllers\Model->rowUpdate('usr_lesson', '4')
#6 /opt/homebrew/var/www/laycms/system/CodeIgniter.php(507): CodeIgniter\CodeIgniter->runController(Object(App\Controllers\Model))
#7 /opt/homebrew/var/www/laycms/system/CodeIgniter.php(354): CodeIgniter\CodeIgniter->handleRequest(NULL, Object(Config\Cache), false)
#8 /opt/homebrew/var/www/laycms/system/Boot.php(363): CodeIgniter\CodeIgniter->run()
#9 /opt/homebrew/var/www/laycms/system/Boot.php(68): CodeIgniter\Boot::runCodeIgniter(Object(CodeIgniter\CodeIgniter))
#10 /opt/homebrew/var/www/laycms/index.php(59): CodeIgniter\Boot::bootWeb(Object(Config\Paths))
#11 {main}
ERROR - 2025-08-06 12:23:41 --> mysqli_sql_exception: Cannot delete or update a parent row: a foreign key constraint fails (`laycms`.`usr_lesson`, CONSTRAINT `student_name` FOREIGN KEY (`student_name`) REFERENCES `usr_student` (`student_name`) ON DELETE RESTRICT ON UPDATE RESTRICT) in /opt/homebrew/var/www/laycms/system/Database/MySQLi/Connection.php:327
Stack trace:
#0 /opt/homebrew/var/www/laycms/system/Database/MySQLi/Connection.php(327): mysqli->query('UPDATE `usr_stu...', 0)
#1 /opt/homebrew/var/www/laycms/system/Database/BaseConnection.php(729): CodeIgniter\Database\MySQLi\Connection->execute('UPDATE `usr_stu...')
#2 /opt/homebrew/var/www/laycms/system/Database/BaseConnection.php(646): CodeIgniter\Database\BaseConnection->simpleQuery('UPDATE `usr_stu...')
#3 /opt/homebrew/var/www/laycms/system/Database/BaseBuilder.php(2521): CodeIgniter\Database\BaseConnection->query('UPDATE `usr_stu...', Array, false)
#4 /opt/homebrew/var/www/laycms/app/Controllers/Model.php(66): CodeIgniter\Database\BaseBuilder->update(Array)
#5 /opt/homebrew/var/www/laycms/system/CodeIgniter.php(933): App\Controllers\Model->rowUpdate('usr_student', '210')
#6 /opt/homebrew/var/www/laycms/system/CodeIgniter.php(507): CodeIgniter\CodeIgniter->runController(Object(App\Controllers\Model))
#7 /opt/homebrew/var/www/laycms/system/CodeIgniter.php(354): CodeIgniter\CodeIgniter->handleRequest(NULL, Object(Config\Cache), false)
#8 /opt/homebrew/var/www/laycms/system/Boot.php(363): CodeIgniter\CodeIgniter->run()
#9 /opt/homebrew/var/www/laycms/system/Boot.php(68): CodeIgniter\Boot::runCodeIgniter(Object(CodeIgniter\CodeIgniter))
#10 /opt/homebrew/var/www/laycms/index.php(59): CodeIgniter\Boot::bootWeb(Object(Config\Paths))
#11 {main}
ERROR - 2025-08-06 12:23:48 --> mysqli_sql_exception: Cannot delete or update a parent row: a foreign key constraint fails (`laycms`.`usr_lesson`, CONSTRAINT `student_name` FOREIGN KEY (`student_name`) REFERENCES `usr_student` (`student_name`) ON DELETE RESTRICT ON UPDATE RESTRICT) in /opt/homebrew/var/www/laycms/system/Database/MySQLi/Connection.php:327
Stack trace:
#0 /opt/homebrew/var/www/laycms/system/Database/MySQLi/Connection.php(327): mysqli->query('UPDATE `usr_stu...', 0)
#1 /opt/homebrew/var/www/laycms/system/Database/BaseConnection.php(729): CodeIgniter\Database\MySQLi\Connection->execute('UPDATE `usr_stu...')
#2 /opt/homebrew/var/www/laycms/system/Database/BaseConnection.php(646): CodeIgniter\Database\BaseConnection->simpleQuery('UPDATE `usr_stu...')
#3 /opt/homebrew/var/www/laycms/system/Database/BaseBuilder.php(2521): CodeIgniter\Database\BaseConnection->query('UPDATE `usr_stu...', Array, false)
#4 /opt/homebrew/var/www/laycms/app/Controllers/Model.php(66): CodeIgniter\Database\BaseBuilder->update(Array)
#5 /opt/homebrew/var/www/laycms/system/CodeIgniter.php(933): App\Controllers\Model->rowUpdate('usr_student', '210')
#6 /opt/homebrew/var/www/laycms/system/CodeIgniter.php(507): CodeIgniter\CodeIgniter->runController(Object(App\Controllers\Model))
#7 /opt/homebrew/var/www/laycms/system/CodeIgniter.php(354): CodeIgniter\CodeIgniter->handleRequest(NULL, Object(Config\Cache), false)
#8 /opt/homebrew/var/www/laycms/system/Boot.php(363): CodeIgniter\CodeIgniter->run()
#9 /opt/homebrew/var/www/laycms/system/Boot.php(68): CodeIgniter\Boot::runCodeIgniter(Object(CodeIgniter\CodeIgniter))
#10 /opt/homebrew/var/www/laycms/index.php(59): CodeIgniter\Boot::bootWeb(Object(Config\Paths))
#11 {main}
ERROR - 2025-08-06 12:23:51 --> mysqli_sql_exception: Cannot delete or update a parent row: a foreign key constraint fails (`laycms`.`usr_lesson`, CONSTRAINT `student_name` FOREIGN KEY (`student_name`) REFERENCES `usr_student` (`student_name`) ON DELETE RESTRICT ON UPDATE RESTRICT) in /opt/homebrew/var/www/laycms/system/Database/MySQLi/Connection.php:327
Stack trace:
#0 /opt/homebrew/var/www/laycms/system/Database/MySQLi/Connection.php(327): mysqli->query('UPDATE `usr_stu...', 0)
#1 /opt/homebrew/var/www/laycms/system/Database/BaseConnection.php(729): CodeIgniter\Database\MySQLi\Connection->execute('UPDATE `usr_stu...')
#2 /opt/homebrew/var/www/laycms/system/Database/BaseConnection.php(646): CodeIgniter\Database\BaseConnection->simpleQuery('UPDATE `usr_stu...')
#3 /opt/homebrew/var/www/laycms/system/Database/BaseBuilder.php(2521): CodeIgniter\Database\BaseConnection->query('UPDATE `usr_stu...', Array, false)
#4 /opt/homebrew/var/www/laycms/app/Controllers/Model.php(66): CodeIgniter\Database\BaseBuilder->update(Array)
#5 /opt/homebrew/var/www/laycms/system/CodeIgniter.php(933): App\Controllers\Model->rowUpdate('usr_student', '210')
#6 /opt/homebrew/var/www/laycms/system/CodeIgniter.php(507): CodeIgniter\CodeIgniter->runController(Object(App\Controllers\Model))
#7 /opt/homebrew/var/www/laycms/system/CodeIgniter.php(354): CodeIgniter\CodeIgniter->handleRequest(NULL, Object(Config\Cache), false)
#8 /opt/homebrew/var/www/laycms/system/Boot.php(363): CodeIgniter\CodeIgniter->run()
#9 /opt/homebrew/var/www/laycms/system/Boot.php(68): CodeIgniter\Boot::runCodeIgniter(Object(CodeIgniter\CodeIgniter))
#10 /opt/homebrew/var/www/laycms/index.php(59): CodeIgniter\Boot::bootWeb(Object(Config\Paths))
#11 {main}
ERROR - 2025-08-06 12:24:29 --> mysqli_sql_exception: Cannot delete or update a parent row: a foreign key constraint fails (`laycms`.`usr_lesson`, CONSTRAINT `student_name` FOREIGN KEY (`student_name`) REFERENCES `usr_student` (`student_name`) ON DELETE RESTRICT ON UPDATE RESTRICT) in /opt/homebrew/var/www/laycms/system/Database/MySQLi/Connection.php:327
Stack trace:
#0 /opt/homebrew/var/www/laycms/system/Database/MySQLi/Connection.php(327): mysqli->query('UPDATE `usr_stu...', 0)
#1 /opt/homebrew/var/www/laycms/system/Database/BaseConnection.php(729): CodeIgniter\Database\MySQLi\Connection->execute('UPDATE `usr_stu...')
#2 /opt/homebrew/var/www/laycms/system/Database/BaseConnection.php(646): CodeIgniter\Database\BaseConnection->simpleQuery('UPDATE `usr_stu...')
#3 /opt/homebrew/var/www/laycms/system/Database/BaseBuilder.php(2521): CodeIgniter\Database\BaseConnection->query('UPDATE `usr_stu...', Array, false)
#4 /opt/homebrew/var/www/laycms/app/Controllers/Model.php(66): CodeIgniter\Database\BaseBuilder->update(Array)
#5 /opt/homebrew/var/www/laycms/system/CodeIgniter.php(933): App\Controllers\Model->rowUpdate('usr_student', '210')
#6 /opt/homebrew/var/www/laycms/system/CodeIgniter.php(507): CodeIgniter\CodeIgniter->runController(Object(App\Controllers\Model))
#7 /opt/homebrew/var/www/laycms/system/CodeIgniter.php(354): CodeIgniter\CodeIgniter->handleRequest(NULL, Object(Config\Cache), false)
#8 /opt/homebrew/var/www/laycms/system/Boot.php(363): CodeIgniter\CodeIgniter->run()
#9 /opt/homebrew/var/www/laycms/system/Boot.php(68): CodeIgniter\Boot::runCodeIgniter(Object(CodeIgniter\CodeIgniter))
#10 /opt/homebrew/var/www/laycms/index.php(59): CodeIgniter\Boot::bootWeb(Object(Config\Paths))
#11 {main}
ERROR - 2025-08-06 12:26:52 --> mysqli_sql_exception: Cannot add or update a child row: a foreign key constraint fails (`laycms`.`usr_lesson`, CONSTRAINT `student_name` FOREIGN KEY (`student_name`) REFERENCES `usr_student` (`student_name`) ON DELETE RESTRICT ON UPDATE RESTRICT) in /opt/homebrew/var/www/laycms/system/Database/MySQLi/Connection.php:327
Stack trace:
#0 /opt/homebrew/var/www/laycms/system/Database/MySQLi/Connection.php(327): mysqli->query('UPDATE `usr_les...', 0)
#1 /opt/homebrew/var/www/laycms/system/Database/BaseConnection.php(729): CodeIgniter\Database\MySQLi\Connection->execute('UPDATE `usr_les...')
#2 /opt/homebrew/var/www/laycms/system/Database/BaseConnection.php(646): CodeIgniter\Database\BaseConnection->simpleQuery('UPDATE `usr_les...')
#3 /opt/homebrew/var/www/laycms/system/Database/BaseBuilder.php(2521): CodeIgniter\Database\BaseConnection->query('UPDATE `usr_les...', Array, false)
#4 /opt/homebrew/var/www/laycms/app/Controllers/Model.php(66): CodeIgniter\Database\BaseBuilder->update(Array)
#5 /opt/homebrew/var/www/laycms/system/CodeIgniter.php(933): App\Controllers\Model->rowUpdate('usr_lesson', '4')
#6 /opt/homebrew/var/www/laycms/system/CodeIgniter.php(507): CodeIgniter\CodeIgniter->runController(Object(App\Controllers\Model))
#7 /opt/homebrew/var/www/laycms/system/CodeIgniter.php(354): CodeIgniter\CodeIgniter->handleRequest(NULL, Object(Config\Cache), false)
#8 /opt/homebrew/var/www/laycms/system/Boot.php(363): CodeIgniter\CodeIgniter->run()
#9 /opt/homebrew/var/www/laycms/system/Boot.php(68): CodeIgniter\Boot::runCodeIgniter(Object(CodeIgniter\CodeIgniter))
#10 /opt/homebrew/var/www/laycms/index.php(59): CodeIgniter\Boot::bootWeb(Object(Config\Paths))
#11 {main}
ERROR - 2025-08-06 12:26:56 --> mysqli_sql_exception: Cannot add or update a child row: a foreign key constraint fails (`laycms`.`usr_lesson`, CONSTRAINT `student_name` FOREIGN KEY (`student_name`) REFERENCES `usr_student` (`student_name`) ON DELETE RESTRICT ON UPDATE RESTRICT) in /opt/homebrew/var/www/laycms/system/Database/MySQLi/Connection.php:327
Stack trace:
#0 /opt/homebrew/var/www/laycms/system/Database/MySQLi/Connection.php(327): mysqli->query('UPDATE `usr_les...', 0)
#1 /opt/homebrew/var/www/laycms/system/Database/BaseConnection.php(729): CodeIgniter\Database\MySQLi\Connection->execute('UPDATE `usr_les...')
#2 /opt/homebrew/var/www/laycms/system/Database/BaseConnection.php(646): CodeIgniter\Database\BaseConnection->simpleQuery('UPDATE `usr_les...')
#3 /opt/homebrew/var/www/laycms/system/Database/BaseBuilder.php(2521): CodeIgniter\Database\BaseConnection->query('UPDATE `usr_les...', Array, false)
#4 /opt/homebrew/var/www/laycms/app/Controllers/Model.php(66): CodeIgniter\Database\BaseBuilder->update(Array)
#5 /opt/homebrew/var/www/laycms/system/CodeIgniter.php(933): App\Controllers\Model->rowUpdate('usr_lesson', '4')
#6 /opt/homebrew/var/www/laycms/system/CodeIgniter.php(507): CodeIgniter\CodeIgniter->runController(Object(App\Controllers\Model))
#7 /opt/homebrew/var/www/laycms/system/CodeIgniter.php(354): CodeIgniter\CodeIgniter->handleRequest(NULL, Object(Config\Cache), false)
#8 /opt/homebrew/var/www/laycms/system/Boot.php(363): CodeIgniter\CodeIgniter->run()
#9 /opt/homebrew/var/www/laycms/system/Boot.php(68): CodeIgniter\Boot::runCodeIgniter(Object(CodeIgniter\CodeIgniter))
#10 /opt/homebrew/var/www/laycms/index.php(59): CodeIgniter\Boot::bootWeb(Object(Config\Paths))
#11 {main}
